----------------------------------------------------------
auth Log (LogLevel: Verbose)
Running osu 2025.118.3.0 on .NET 8.0.12
Environment: Linux (Unix 6.13.2.1), 8 cores 
----------------------------------------------------------
2025-02-11 18:01:06 [verbose]: Loading module...
2025-02-11 18:01:07 [verbose]: Module loaded successfully: 0
2025-02-11 18:01:07 [verbose]: Checking for any update (66C0D0F52CAC68BB08E4F23D93F1FFDDA7E83F69)...
2025-02-11 18:01:08 [verbose]: Already up to date.
2025-02-11 18:01:09 [verbose]: API state changed to Connecting
2025-02-11 18:01:09 [verbose]: API state changed to Online
2025-02-11 18:01:09 [verbose]: Checking for any update (66C0D0F52CAC68BB08E4F23D93F1FFDDA7E83F69)...
2025-02-11 18:01:10 [verbose]: Already up to date.
2025-02-11 18:02:08 [verbose]: Checking for any update (66C0D0F52CAC68BB08E4F23D93F1FFDDA7E83F69)...
2025-02-11 18:02:08 [verbose]: Already up to date.
2025-02-11 18:03:08 [verbose]: Checking for any update (66C0D0F52CAC68BB08E4F23D93F1FFDDA7E83F69)...
2025-02-11 18:03:09 [verbose]: Already up to date.
2025-02-11 18:04:09 [verbose]: Checking for any update (66C0D0F52CAC68BB08E4F23D93F1FFDDA7E83F69)...
2025-02-11 18:04:09 [verbose]: Already up to date.
2025-02-11 18:05:09 [verbose]: Checking for any update (66C0D0F52CAC68BB08E4F23D93F1FFDDA7E83F69)...
2025-02-11 18:05:10 [verbose]: Already up to date.
2025-02-11 18:06:10 [verbose]: Checking for any update (66C0D0F52CAC68BB08E4F23D93F1FFDDA7E83F69)...
2025-02-11 18:06:10 [verbose]: Already up to date.
2025-02-11 18:07:10 [verbose]: Checking for any update (66C0D0F52CAC68BB08E4F23D93F1FFDDA7E83F69)...
2025-02-11 18:07:11 [verbose]: Already up to date.
2025-02-11 18:08:11 [verbose]: Checking for any update (66C0D0F52CAC68BB08E4F23D93F1FFDDA7E83F69)...
2025-02-11 18:08:12 [verbose]: Already up to date.
2025-02-11 18:09:12 [verbose]: Checking for any update (66C0D0F52CAC68BB08E4F23D93F1FFDDA7E83F69)...
2025-02-11 18:09:13 [verbose]: Already up to date.
2025-02-11 18:10:13 [verbose]: Checking for any update (66C0D0F52CAC68BB08E4F23D93F1FFDDA7E83F69)...
2025-02-11 18:10:14 [verbose]: Already up to date.
2025-02-11 18:11:14 [verbose]: Checking for any update (66C0D0F52CAC68BB08E4F23D93F1FFDDA7E83F69)...
2025-02-11 18:11:14 [verbose]: Already up to date.
2025-02-11 18:12:14 [verbose]: Checking for any update (66C0D0F52CAC68BB08E4F23D93F1FFDDA7E83F69)...
2025-02-11 18:12:14 [verbose]: Already up to date.
2025-02-11 18:13:14 [verbose]: Checking for any update (66C0D0F52CAC68BB08E4F23D93F1FFDDA7E83F69)...
2025-02-11 18:13:15 [verbose]: Already up to date.
2025-02-11 18:14:15 [verbose]: Checking for any update (66C0D0F52CAC68BB08E4F23D93F1FFDDA7E83F69)...
2025-02-11 18:14:15 [verbose]: Already up to date.
2025-02-11 18:15:15 [verbose]: Checking for any update (66C0D0F52CAC68BB08E4F23D93F1FFDDA7E83F69)...
2025-02-11 18:15:16 [verbose]: Already up to date.
2025-02-11 18:16:16 [verbose]: Checking for any update (66C0D0F52CAC68BB08E4F23D93F1FFDDA7E83F69)...
2025-02-11 18:16:16 [verbose]: Already up to date.
2025-02-11 18:17:16 [verbose]: Checking for any update (66C0D0F52CAC68BB08E4F23D93F1FFDDA7E83F69)...
2025-02-11 18:17:16 [verbose]: Already up to date.
2025-02-11 18:18:16 [verbose]: Checking for any update (66C0D0F52CAC68BB08E4F23D93F1FFDDA7E83F69)...
