----------------------------------------------------------
auth Log (LogLevel: Verbose)
Running osu 2025.118.3.0 on .NET 8.0.12
Environment: Linux (Unix 6.13.2.1), 8 cores 
----------------------------------------------------------
2025-02-11 16:52:08 [verbose]: Loading module...
2025-02-11 16:52:09 [verbose]: Module loaded successfully: 0
2025-02-11 16:52:09 [verbose]: Checking for any update (66C0D0F52CAC68BB08E4F23D93F1FFDDA7E83F69)...
2025-02-11 16:52:09 [verbose]: Failed to update: System.Net.Http.HttpRequestException: Resource temporarily unavailable (auth.ppy.sh:443)
2025-02-11 16:52:09 [verbose]: ---> System.Net.Sockets.SocketException (11): Resource temporarily unavailable
2025-02-11 16:52:09 [verbose]: at System.Net.Sockets.Socket.AwaitableSocketAsyncEventArgs.ThrowException(SocketError error, CancellationToken cancellationToken)
2025-02-11 16:52:09 [verbose]: at System.Net.Sockets.Socket.AwaitableSocketAsyncEventArgs.System.Threading.Tasks.Sources.IValueTaskSource.GetResult(Int16 token)
2025-02-11 16:52:09 [verbose]: at System.Net.Sockets.Socket.<ConnectAsync>g__WaitForConnectWithCancellation|285_0(AwaitableSocketAsyncEventArgs saea, ValueTask connectTask, CancellationToken cancellationToken)
2025-02-11 16:52:09 [verbose]: at osu.Framework.IO.Network.WebRequest.attemptConnection(AddressFamily addressFamily, SocketsHttpConnectionContext context, CancellationToken cancellationToken)
2025-02-11 16:52:09 [verbose]: at osu.Framework.IO.Network.WebRequest.onConnect(SocketsHttpConnectionContext context, CancellationToken cancellationToken)
2025-02-11 16:52:09 [verbose]: at System.Net.Http.HttpConnectionPool.ConnectToTcpHostAsync(String host, Int32 port, HttpRequestMessage initialRequest, Boolean async, CancellationToken cancellationToken)
2025-02-11 16:52:09 [verbose]: --- End of inner exception stack trace ---
2025-02-11 16:52:09 [verbose]: at osu.Framework.IO.Network.WebRequest.Complete(Exception e)
2025-02-11 16:52:09 [verbose]: at osu.Framework.IO.Network.WebRequest.internalPerform(CancellationToken cancellationToken)
2025-02-11 16:52:09 [verbose]: at osu.Framework.IO.Network.WebRequest.PerformAsync(CancellationToken cancellationToken)
2025-02-11 16:52:09 [verbose]: at osu.Game.Auth.Updater..MoveNext()
2025-02-11 16:52:09 [verbose]: --- End of stack trace from previous location ---
2025-02-11 16:52:09 [verbose]: at osu.Game.Auth.Updater..MoveNext()
2025-02-11 16:52:13 [verbose]: API state changed to Offline
2025-02-11 16:52:27 [verbose]: Unloading module...
2025-02-11 16:52:27 [verbose]: Module unloaded successfully.
