----------------------------------------------------------
auth Log (LogLevel: Verbose)
Running osu 2025.118.3.0 on .NET 8.0.12
Environment: Linux (Unix 6.13.2.1), 8 cores 
----------------------------------------------------------
2025-02-11 16:52:31 [verbose]: Loading module...
2025-02-11 16:52:31 [verbose]: Module loaded successfully: 0
2025-02-11 16:52:31 [verbose]: Checking for any update (66C0D0F52CAC68BB08E4F23D93F1FFDDA7E83F69)...
2025-02-11 16:52:33 [verbose]: Already up to date.
2025-02-11 16:52:36 [verbose]: API state changed to Offline
2025-02-11 16:53:33 [verbose]: Checking for any update (66C0D0F52CAC68BB08E4F23D93F1FFDDA7E83F69)...
2025-02-11 16:53:33 [verbose]: Already up to date.
2025-02-11 16:54:33 [verbose]: Checking for any update (66C0D0F52CAC68BB08E4F23D93F1FFDDA7E83F69)...
2025-02-11 16:54:33 [verbose]: Already up to date.
2025-02-11 16:55:33 [verbose]: Checking for any update (66C0D0F52CAC68BB08E4F23D93F1FFDDA7E83F69)...
2025-02-11 16:55:34 [verbose]: Already up to date.
2025-02-11 16:55:58 [verbose]: API state changed to Connecting
2025-02-11 16:55:59 [verbose]: API state changed to Offline
2025-02-11 16:56:04 [verbose]: API state changed to Connecting
2025-02-11 16:56:07 [verbose]: API state changed to RequiresSecondFactorAuth
2025-02-11 16:56:33 [verbose]: API state changed to Online
2025-02-11 16:56:33 [verbose]: Checking for any update (66C0D0F52CAC68BB08E4F23D93F1FFDDA7E83F69)...
2025-02-11 16:56:33 [verbose]: Already up to date.
2025-02-11 16:56:34 [verbose]: Checking for any update (66C0D0F52CAC68BB08E4F23D93F1FFDDA7E83F69)...
2025-02-11 16:56:34 [verbose]: Already up to date.
2025-02-11 16:57:34 [verbose]: Checking for any update (66C0D0F52CAC68BB08E4F23D93F1FFDDA7E83F69)...
2025-02-11 16:57:35 [verbose]: Already up to date.
2025-02-11 16:58:35 [verbose]: Checking for any update (66C0D0F52CAC68BB08E4F23D93F1FFDDA7E83F69)...
2025-02-11 16:58:35 [verbose]: Already up to date.
2025-02-11 16:59:35 [verbose]: Checking for any update (66C0D0F52CAC68BB08E4F23D93F1FFDDA7E83F69)...
2025-02-11 16:59:35 [verbose]: Already up to date.
2025-02-11 17:00:35 [verbose]: Checking for any update (66C0D0F52CAC68BB08E4F23D93F1FFDDA7E83F69)...
2025-02-11 17:00:36 [verbose]: Already up to date.
2025-02-11 17:01:36 [verbose]: Checking for any update (66C0D0F52CAC68BB08E4F23D93F1FFDDA7E83F69)...
2025-02-11 17:01:36 [verbose]: Already up to date.
2025-02-11 17:02:03 [verbose]: Unloading module...
2025-02-11 17:02:03 [verbose]: Module unloaded successfully.
