----------------------------------------------------------
database Log (LogLevel: Verbose)
Running osu 2025.118.3.0 on .NET 8.0.12
Environment: Linux (Unix 6.13.2.1), 8 cores 
----------------------------------------------------------
2025-02-11 18:01:08 [verbose]: [LocalCachedBeatmapMetadataSource] Fetching local cache because it does not exist.
2025-02-11 18:01:10 [verbose]: [LocalCachedBeatmapMetadataSource] Fetching local cache because it does not exist.
2025-02-11 18:01:16 [verbose]: [LocalCachedBeatmapMetadataSource] Online cache extraction failed: System.IndexOutOfRangeException: Index was outside the bounds of the array.
2025-02-11 18:01:16 [verbose]: at SharpCompress.Compressors.BZip2.CBZip2InputStream.GetAndMoveToFrontDecode()
2025-02-11 18:01:16 [verbose]: at SharpCompress.Compressors.BZip2.CBZip2InputStream.InitBlock()
2025-02-11 18:01:16 [verbose]: at SharpCompress.Compressors.BZip2.CBZip2InputStream.SetupNoRandPartA()
2025-02-11 18:01:16 [verbose]: at SharpCompress.Compressors.BZip2.CBZip2InputStream.SetupNoRandPartB()
2025-02-11 18:01:16 [verbose]: at SharpCompress.Compressors.BZip2.CBZip2InputStream.ReadByte()
2025-02-11 18:01:16 [verbose]: at SharpCompress.Compressors.BZip2.CBZip2InputStream.Read(Byte[] buffer, Int32 offset, Int32 count)
2025-02-11 18:01:16 [verbose]: at SharpCompress.Compressors.BZip2.BZip2Stream.Read(Byte[] buffer, Int32 offset, Int32 count)
2025-02-11 18:01:16 [verbose]: at System.IO.Stream.CopyTo(Stream destination, Int32 bufferSize)
2025-02-11 18:01:16 [verbose]: at osu.Game.Beatmaps.LocalCachedBeatmapMetadataSource.<>c__DisplayClass9_0.<prepareLocalCache>b__1()
2025-02-11 18:01:42 [verbose]: [LocalCachedBeatmapMetadataSource] Online cache extraction failed: System.IO.FileNotFoundException: Could not find file '/home/paul/.local/share/osu/online.db.bz2'.
2025-02-11 18:01:42 [verbose]: File name: '/home/paul/.local/share/osu/online.db.bz2'
2025-02-11 18:01:42 [verbose]: at Interop.ThrowExceptionForIoErrno(ErrorInfo errorInfo, String path, Boolean isDirError)
2025-02-11 18:01:42 [verbose]: at Microsoft.Win32.SafeHandles.SafeFileHandle.Open(String fullPath, FileMode mode, FileAccess access, FileShare share, FileOptions options, Int64 preallocationSize, UnixFileMode openPermissions, Int64& fileLength, UnixFileMode& filePermissions, Boolean failForSymlink, Boolean& wasSymlink, Func`4 createOpenException)
2025-02-11 18:01:42 [verbose]: at System.IO.Strategies.OSFileStreamStrategy..ctor(String path, FileMode mode, FileAccess access, FileShare share, FileOptions options, Int64 preallocationSize, Nullable`1 unixCreateMode)
2025-02-11 18:01:42 [verbose]: at System.IO.File.OpenRead(String path)
2025-02-11 18:01:42 [verbose]: at osu.Game.Beatmaps.LocalCachedBeatmapMetadataSource.<>c__DisplayClass9_0.<prepareLocalCache>b__1()
2025-02-11 18:03:11 [verbose]: [?????] Beginning import from replay.osr...
2025-02-11 18:03:12 [verbose]: [ee790] Import successfully completed!
2025-02-11 18:05:32 [verbose]: [?????] Beginning import from replay.osr...
2025-02-11 18:05:32 [verbose]: [a4b02] Import successfully completed!
2025-02-11 18:11:06 [verbose]: [?????] Beginning import from replay.osr...
2025-02-11 18:11:06 [verbose]: [d4bc8] Import successfully completed!
2025-02-11 18:14:52 [verbose]: [?????] Beginning import from replay.osr...
2025-02-11 18:14:52 [verbose]: [cd0ed] Import successfully completed!
