----------------------------------------------------------
database Log (LogLevel: Verbose)
Running osu 2025.118.3.0 on .NET 8.0.12
Environment: Linux (Unix 6.13.2.1), 8 cores 
----------------------------------------------------------
2025-02-11 16:52:12 [verbose]: [LocalCachedBeatmapMetadataSource] Fetching local cache because it does not exist.
2025-02-11 16:52:12 [verbose]: [LocalCachedBeatmapMetadataSource] Online cache download failed: System.Net.Http.HttpRequestException: Resource temporarily unavailable (assets.ppy.sh:443)
2025-02-11 16:52:12 [verbose]: ---> System.Net.Sockets.SocketException (11): Resource temporarily unavailable
2025-02-11 16:52:12 [verbose]: at System.Net.Sockets.Socket.AwaitableSocketAsyncEventArgs.ThrowException(SocketError error, CancellationToken cancellationToken)
2025-02-11 16:52:12 [verbose]: at System.Net.Sockets.Socket.AwaitableSocketAsyncEventArgs.System.Threading.Tasks.Sources.IValueTaskSource.GetResult(Int16 token)
2025-02-11 16:52:12 [verbose]: at System.Net.Sockets.Socket.<ConnectAsync>g__WaitForConnectWithCancellation|285_0(AwaitableSocketAsyncEventArgs saea, ValueTask connectTask, CancellationToken cancellationToken)
2025-02-11 16:52:12 [verbose]: at osu.Framework.IO.Network.WebRequest.attemptConnection(AddressFamily addressFamily, SocketsHttpConnectionContext context, CancellationToken cancellationToken)
2025-02-11 16:52:12 [verbose]: at osu.Framework.IO.Network.WebRequest.onConnect(SocketsHttpConnectionContext context, CancellationToken cancellationToken)
2025-02-11 16:52:12 [verbose]: at System.Net.Http.HttpConnectionPool.ConnectToTcpHostAsync(String host, Int32 port, HttpRequestMessage initialRequest, Boolean async, CancellationToken cancellationToken)
2025-02-11 16:52:12 [verbose]: --- End of inner exception stack trace ---
2025-02-11 16:52:12 [verbose]: at System.Net.Http.HttpConnectionPool.ConnectToTcpHostAsync(String host, Int32 port, HttpRequestMessage initialRequest, Boolean async, CancellationToken cancellationToken)
2025-02-11 16:52:12 [verbose]: at System.Net.Http.HttpConnectionPool.ConnectAsync(HttpRequestMessage request, Boolean async, CancellationToken cancellationToken)
2025-02-11 16:52:12 [verbose]: at System.Net.Http.HttpConnectionPool.CreateHttp11ConnectionAsync(HttpRequestMessage request, Boolean async, CancellationToken cancellationToken)
2025-02-11 16:52:12 [verbose]: at System.Net.Http.HttpConnectionPool.AddHttp11ConnectionAsync(QueueItem queueItem)
2025-02-11 16:52:12 [verbose]: at System.Threading.Tasks.TaskCompletionSourceWithCancellation`1.WaitWithCancellationAsync(CancellationToken cancellationToken)
2025-02-11 16:52:12 [verbose]: at System.Net.Http.HttpConnectionPool.SendWithVersionDetectionAndRetryAsync(HttpRequestMessage request, Boolean async, Boolean doRequestAuth, CancellationToken cancellationToken)
2025-02-11 16:52:12 [verbose]: at System.Net.Http.AuthenticationHelper.SendWithAuthAsync(HttpRequestMessage request, Uri authUri, Boolean async, ICredentials credentials, Boolean preAuthenticate, Boolean isProxyAuth, Boolean doRequestAuth, HttpConnectionPool pool, CancellationToken cancellationToken)
2025-02-11 16:52:12 [verbose]: at System.Net.Http.RedirectHandler.SendAsync(HttpRequestMessage request, Boolean async, CancellationToken cancellationToken)
2025-02-11 16:52:12 [verbose]: at System.Net.Http.DecompressionHandler.SendAsync(HttpRequestMessage request, Boolean async, CancellationToken cancellationToken)
2025-02-11 16:52:12 [verbose]: at System.Net.Http.HttpClient.<SendAsync>g__Core|83_0(HttpRequestMessage request, HttpCompletionOption completionOption, CancellationTokenSource cts, Boolean disposeCts, CancellationTokenSource pendingRequestsCts, CancellationToken originalCancellationToken)
2025-02-11 16:52:12 [verbose]: at osu.Framework.IO.Network.WebRequest.internalPerform(CancellationToken cancellationToken)
2025-02-11 16:52:16 [verbose]: [LocalCachedBeatmapMetadataSource] Fetching local cache because it does not exist.
2025-02-11 16:52:16 [verbose]: [LocalCachedBeatmapMetadataSource] Online cache download failed: System.Net.Http.HttpRequestException: Resource temporarily unavailable (assets.ppy.sh:443)
2025-02-11 16:52:16 [verbose]: ---> System.Net.Sockets.SocketException (11): Resource temporarily unavailable
2025-02-11 16:52:16 [verbose]: at System.Net.Sockets.Socket.AwaitableSocketAsyncEventArgs.ThrowException(SocketError error, CancellationToken cancellationToken)
2025-02-11 16:52:16 [verbose]: at System.Net.Sockets.Socket.AwaitableSocketAsyncEventArgs.System.Threading.Tasks.Sources.IValueTaskSource.GetResult(Int16 token)
2025-02-11 16:52:16 [verbose]: at System.Net.Sockets.Socket.<ConnectAsync>g__WaitForConnectWithCancellation|285_0(AwaitableSocketAsyncEventArgs saea, ValueTask connectTask, CancellationToken cancellationToken)
2025-02-11 16:52:16 [verbose]: at osu.Framework.IO.Network.WebRequest.attemptConnection(AddressFamily addressFamily, SocketsHttpConnectionContext context, CancellationToken cancellationToken)
2025-02-11 16:52:16 [verbose]: at osu.Framework.IO.Network.WebRequest.onConnect(SocketsHttpConnectionContext context, CancellationToken cancellationToken)
2025-02-11 16:52:16 [verbose]: at System.Net.Http.HttpConnectionPool.ConnectToTcpHostAsync(String host, Int32 port, HttpRequestMessage initialRequest, Boolean async, CancellationToken cancellationToken)
2025-02-11 16:52:16 [verbose]: --- End of inner exception stack trace ---
2025-02-11 16:52:16 [verbose]: at System.Net.Http.HttpConnectionPool.ConnectToTcpHostAsync(String host, Int32 port, HttpRequestMessage initialRequest, Boolean async, CancellationToken cancellationToken)
2025-02-11 16:52:16 [verbose]: at System.Net.Http.HttpConnectionPool.ConnectAsync(HttpRequestMessage request, Boolean async, CancellationToken cancellationToken)
2025-02-11 16:52:16 [verbose]: at System.Net.Http.HttpConnectionPool.CreateHttp11ConnectionAsync(HttpRequestMessage request, Boolean async, CancellationToken cancellationToken)
2025-02-11 16:52:16 [verbose]: at System.Net.Http.HttpConnectionPool.AddHttp11ConnectionAsync(QueueItem queueItem)
2025-02-11 16:52:16 [verbose]: at System.Threading.Tasks.TaskCompletionSourceWithCancellation`1.WaitWithCancellationAsync(CancellationToken cancellationToken)
2025-02-11 16:52:16 [verbose]: at System.Net.Http.HttpConnectionPool.SendWithVersionDetectionAndRetryAsync(HttpRequestMessage request, Boolean async, Boolean doRequestAuth, CancellationToken cancellationToken)
2025-02-11 16:52:16 [verbose]: at System.Net.Http.AuthenticationHelper.SendWithAuthAsync(HttpRequestMessage request, Uri authUri, Boolean async, ICredentials credentials, Boolean preAuthenticate, Boolean isProxyAuth, Boolean doRequestAuth, HttpConnectionPool pool, CancellationToken cancellationToken)
2025-02-11 16:52:16 [verbose]: at System.Net.Http.RedirectHandler.SendAsync(HttpRequestMessage request, Boolean async, CancellationToken cancellationToken)
2025-02-11 16:52:16 [verbose]: at System.Net.Http.DecompressionHandler.SendAsync(HttpRequestMessage request, Boolean async, CancellationToken cancellationToken)
2025-02-11 16:52:16 [verbose]: at System.Net.Http.HttpClient.<SendAsync>g__Core|83_0(HttpRequestMessage request, HttpCompletionOption completionOption, CancellationTokenSource cts, Boolean disposeCts, CancellationTokenSource pendingRequestsCts, CancellationToken originalCancellationToken)
2025-02-11 16:52:16 [verbose]: at osu.Framework.IO.Network.WebRequest.internalPerform(CancellationToken cancellationToken)
