----------------------------------------------------------
network Log (LogLevel: Verbose)
Running osu 2025.118.3.0 on .NET 8.0.12
Environment: Linux (Unix 6.13.2.1), 8 cores 
----------------------------------------------------------
2025-02-11 18:01:08 [verbose]: API endpoint root: https://osu.ppy.sh
2025-02-11 18:01:08 [verbose]: API request version: 20250118
2025-02-11 18:01:08 [verbose]: Performing request osu.Game.Online.API.Requests.GetMeRequest
2025-02-11 18:01:08 [verbose]: Request to https://auth.ppy.sh/updates/get successfully completed!
2025-02-11 18:01:09 [verbose]: Performing request osu.Game.Online.API.Requests.GetSeasonalBackgroundsRequest
2025-02-11 18:01:09 [verbose]: Request to https://osu.ppy.sh/api/v2/me/ successfully completed!
2025-02-11 18:01:09 [verbose]: GetMeRequest finished with response size of 7,987 bytes
2025-02-11 18:01:09 [verbose]: OnlineMultiplayerClient connecting...
2025-02-11 18:01:09 [verbose]: OnlineMetadataClient connecting...
2025-02-11 18:01:09 [verbose]: WebSocketNotificationsClientConnector connecting...
2025-02-11 18:01:09 [verbose]: SpectatorClient connecting...
2025-02-11 18:01:09 [verbose]: Performing request osu.Game.Online.API.Requests.GetNotificationsRequest
2025-02-11 18:01:10 [verbose]: Performing request osu.Game.Online.API.Requests.GetFriendsRequest
2025-02-11 18:01:10 [verbose]: Request to https://auth.ppy.sh/updates/get successfully completed!
2025-02-11 18:01:10 [verbose]: Request to https://osu.ppy.sh/api/v2/seasonal-backgrounds successfully completed!
2025-02-11 18:01:10 [verbose]: GetSeasonalBackgroundsRequest finished with response size of 9,720 bytes
2025-02-11 18:01:10 [verbose]: Request to https://osu.ppy.sh/api/v2/notifications successfully completed!
2025-02-11 18:01:10 [verbose]: GetNotificationsRequest finished with response size of 1,646 bytes
2025-02-11 18:01:11 [verbose]: Request to https://osu.ppy.sh/api/v2/friends successfully completed!
2025-02-11 18:01:11 [verbose]: GetFriendsRequest finished with response size of 2 bytes
2025-02-11 18:01:11 [verbose]: Performing request osu.Game.Online.API.Requests.GetUserRequest
2025-02-11 18:01:11 [verbose]: Request to https://osu.ppy.sh/api/v2/users/34699086/osu?key=id successfully completed!
2025-02-11 18:01:11 [verbose]: GetUserRequest finished with response size of 6,294 bytes
2025-02-11 18:01:11 [verbose]: Performing request osu.Game.Online.API.Requests.GetUserRequest
2025-02-11 18:01:12 [verbose]: WebSocketNotificationsClientConnector connected!
2025-02-11 18:01:12 [verbose]: Now listening to websocket chat messages.
2025-02-11 18:01:12 [verbose]: Request to https://osu.ppy.sh/api/v2/users/34699086/taiko?key=id successfully completed!
2025-02-11 18:01:12 [verbose]: GetUserRequest finished with response size of 6,196 bytes
2025-02-11 18:01:12 [verbose]: Performing request osu.Game.Online.API.Requests.GetUserRequest
2025-02-11 18:01:13 [verbose]: Request to https://assets.ppy.sh/menu-content.json successfully completed!
2025-02-11 18:01:13 [verbose]: Request to https://osu.ppy.sh/api/v2/users/34699086/fruits?key=id successfully completed!
2025-02-11 18:01:13 [verbose]: GetUserRequest finished with response size of 6,201 bytes
2025-02-11 18:01:13 [verbose]: Performing request osu.Game.Online.API.Requests.GetUserRequest
2025-02-11 18:01:13 [verbose]: OnlineMultiplayerClient connected!
2025-02-11 18:01:13 [verbose]: OnlineMetadataClient connected!
2025-02-11 18:01:13 [verbose]: SpectatorClient connected!
2025-02-11 18:01:14 [verbose]: Request to https://assets.ppy.sh/main-menu/community-choice-2024@2x.png successfully completed!
2025-02-11 18:01:14 [verbose]: OnlineMetadataClient stopped watching user presence
2025-02-11 18:01:14 [verbose]: Request to https://osu.ppy.sh/api/v2/users/34699086/mania?key=id successfully completed!
2025-02-11 18:01:14 [verbose]: GetUserRequest finished with response size of 5,011 bytes
2025-02-11 18:01:14 [verbose]: Performing request osu.Game.Online.API.Requests.GetUpdatesRequest
2025-02-11 18:01:14 [verbose]: Request to https://assets.ppy.sh/main-menu/locus-registrations-open@2x.png successfully completed!
2025-02-11 18:01:15 [verbose]: Request to https://osu.ppy.sh/api/v2/chat/updates successfully completed!
2025-02-11 18:01:15 [verbose]: GetUpdatesRequest finished with response size of 1,085 bytes
2025-02-11 18:01:15 [verbose]: Performing request osu.Game.Online.API.Requests.ChatAckRequest
2025-02-11 18:01:15 [verbose]: Request to https://assets.ppy.sh/client-resources/online.db.bz2?20250211 successfully completed!
2025-02-11 18:01:15 [verbose]: Request to https://osu.ppy.sh/api/v2/chat/ack successfully completed!
2025-02-11 18:01:15 [verbose]: ChatAckRequest finished with response size of 15 bytes
2025-02-11 18:01:15 [verbose]: Performing request osu.Game.Online.API.Requests.GetUpdatesRequest
2025-02-11 18:01:16 [verbose]: Request to https://a.ppy.sh/34699086?1698530547.jpeg successfully completed!
2025-02-11 18:01:16 [verbose]: Request to https://osu.ppy.sh/api/v2/chat/updates successfully completed!
2025-02-11 18:01:16 [verbose]: GetUpdatesRequest finished with response size of 1,085 bytes
2025-02-11 18:01:16 [verbose]: Performing request osu.Game.Online.Rooms.GetRoomRequest
2025-02-11 18:01:16 [verbose]: Request to https://osu.ppy.sh/api/v2/rooms/1152448 successfully completed!
2025-02-11 18:01:16 [verbose]: GetRoomRequest finished with response size of 19,601 bytes
2025-02-11 18:01:16 [verbose]: Performing request osu.Game.Online.API.Requests.GetMessagesRequest
2025-02-11 18:01:17 [verbose]: Request to https://osu.ppy.sh/api/v2/chat/channels/5/messages successfully completed!
2025-02-11 18:01:17 [verbose]: GetMessagesRequest finished with response size of 25,029 bytes
2025-02-11 18:01:17 [verbose]: Performing request osu.Game.Online.API.Requests.ListChannelsRequest
2025-02-11 18:01:17 [verbose]: Request to https://osu.ppy.sh/api/v2/chat/channels successfully completed!
2025-02-11 18:01:17 [verbose]: ListChannelsRequest finished with response size of 7,547 bytes
2025-02-11 18:01:17 [verbose]: Performing request osu.Game.Online.API.Requests.ListChannelsRequest
2025-02-11 18:01:18 [verbose]: Request to https://osu.ppy.sh/api/v2/chat/channels successfully completed!
2025-02-11 18:01:18 [verbose]: ListChannelsRequest finished with response size of 7,547 bytes
2025-02-11 18:01:19 [verbose]: Performing request osu.Game.Online.Solo.CreateSoloScoreRequest
2025-02-11 18:01:20 [verbose]: Request to https://osu.ppy.sh/api/v2/beatmaps/1038400/solo/scores successfully completed!
2025-02-11 18:01:20 [verbose]: CreateSoloScoreRequest finished with response size of 116 bytes
2025-02-11 18:01:28 [verbose]: Performing request osu.Game.Online.Solo.SubmitSoloScoreRequest
2025-02-11 18:01:28 [verbose]: Request to https://osu.ppy.sh/api/v2/beatmaps/1038400/solo/scores/507119775 successfully completed!
2025-02-11 18:01:28 [verbose]: SubmitSoloScoreRequest finished with response size of 883 bytes
2025-02-11 18:01:33 [verbose]: Request to https://assets.ppy.sh/beatmaps/190366/covers/cover@2x.jpg?1648635944 successfully completed!
2025-02-11 18:01:39 [verbose]: Request to https://a.ppy.sh/34699086 successfully completed!
2025-02-11 18:01:40 [verbose]: Performing request osu.Game.Online.Solo.CreateSoloScoreRequest
2025-02-11 18:01:40 [verbose]: Request to https://osu.ppy.sh/api/v2/beatmaps/3560701/solo/scores successfully completed!
2025-02-11 18:01:40 [verbose]: CreateSoloScoreRequest finished with response size of 116 bytes
2025-02-11 18:01:41 [verbose]: Performing request osu.Game.Online.API.Requests.GetChannelRequest
2025-02-11 18:01:42 [verbose]: Request to https://assets.ppy.sh/client-resources/online.db.bz2?20250211 successfully completed!
2025-02-11 18:01:42 [verbose]: Request to https://osu.ppy.sh/api/v2/chat/channels/5 successfully completed!
2025-02-11 18:01:42 [verbose]: GetChannelRequest finished with response size of 383 bytes
2025-02-11 18:02:08 [verbose]: Request to https://auth.ppy.sh/updates/get successfully completed!
2025-02-11 18:02:15 [verbose]: Performing request osu.Game.Online.API.Requests.ChatAckRequest
2025-02-11 18:02:16 [verbose]: Request to https://osu.ppy.sh/api/v2/chat/ack successfully completed!
2025-02-11 18:02:16 [verbose]: ChatAckRequest finished with response size of 15 bytes
2025-02-11 18:03:09 [verbose]: Request to https://auth.ppy.sh/updates/get successfully completed!
2025-02-11 18:03:11 [verbose]: Performing request osu.Game.Online.Solo.SubmitSoloScoreRequest
2025-02-11 18:03:11 [verbose]: Request to https://osu.ppy.sh/api/v2/beatmaps/3560701/solo/scores/507120184 successfully completed!
2025-02-11 18:03:11 [verbose]: SubmitSoloScoreRequest finished with response size of 842 bytes
2025-02-11 18:03:11 [verbose]: Performing request osu.Game.Online.API.Requests.GetUserRequest
2025-02-11 18:03:12 [verbose]: Performing request osu.Game.Online.API.Requests.GetUserRequest
2025-02-11 18:03:12 [verbose]: Request to https://osu.ppy.sh/api/v2/users/34699086/?key=id successfully completed!
2025-02-11 18:03:12 [verbose]: GetUserRequest finished with response size of 6,295 bytes
2025-02-11 18:03:13 [verbose]: Request to https://osu.ppy.sh/api/v2/users/34699086/osu?key=id successfully completed!
2025-02-11 18:03:13 [verbose]: GetUserRequest finished with response size of 6,295 bytes
2025-02-11 18:03:13 [verbose]: Performing request osu.Game.Online.API.Requests.GetScoresRequest
2025-02-11 18:03:14 [verbose]: Request to https://osu.ppy.sh/api/v2/beatmaps/3560701/solo-scores?type=global&mode=osu successfully completed!
2025-02-11 18:03:14 [verbose]: GetScoresRequest finished with response size of 69,504 bytes
2025-02-11 18:03:14 [verbose]: Performing request osu.Game.Online.API.Requests.GetBeatmapSetRequest
2025-02-11 18:03:14 [verbose]: Request to https://assets.ppy.sh/user-cover-presets/6/a7d51a05cb3c08a43531dfa8dc99c2fc7fe0d8cfce2756c340f11b3683b5d3bf.jpeg successfully completed!
2025-02-11 18:03:15 [verbose]: Request to https://assets.ppy.sh/user-profile-covers/13077279/ea6692632370be5d671804cb92f3e8e8252ae7dcf554b3d764545aa4278cef41.jpeg successfully completed!
2025-02-11 18:03:15 [verbose]: Request to https://osu.ppy.sh/api/v2/beatmapsets/1741099 successfully completed!
2025-02-11 18:03:15 [verbose]: Request to https://assets.ppy.sh/user-cover-presets/5/395c011121ca45b2ab30bd6fdd5d12483acca063bfb75ccae96d88da4304a1fb.jpeg successfully completed!
2025-02-11 18:03:15 [verbose]: GetBeatmapSetRequest finished with response size of 54,377 bytes
2025-02-11 18:03:16 [verbose]: Request to https://assets.ppy.sh/user-cover-presets/7/4a0ccb7b7fdd5c4238b11f0e7c686760fe2c99c6472b19400e82d1a8ff503e31.jpeg successfully completed!
2025-02-11 18:03:16 [verbose]: Request to https://assets.ppy.sh/user-profile-covers/11059907/f4fa11627d7016b7754d14487399dc4b372a1d284421f11d10ae86f6170eef44.jpeg successfully completed!
2025-02-11 18:03:16 [verbose]: Performing request osu.Game.Online.API.Requests.ChatAckRequest
2025-02-11 18:03:16 [verbose]: Request to https://osu.ppy.sh/api/v2/chat/ack successfully completed!
2025-02-11 18:03:16 [verbose]: ChatAckRequest finished with response size of 15 bytes
2025-02-11 18:03:16 [verbose]: Request to https://a.ppy.sh/9282017?1736033758.jpeg successfully completed!
2025-02-11 18:03:17 [verbose]: Request to https://assets.ppy.sh/user-profile-covers/9282017/0ad8ceeb2973f04013db17b4a39ca894e26c42f604e89a234e7e7ef35ad80ecc.jpeg successfully completed!
2025-02-11 18:03:17 [verbose]: Request to https://a.ppy.sh/6572276?1498191832.png successfully completed!
2025-02-11 18:03:17 [verbose]: Request to https://a.ppy.sh/11059907?1733115777.jpeg successfully completed!
2025-02-11 18:03:17 [verbose]: Request to https://a.ppy.sh/11132323?1655102276.jpeg successfully completed!
2025-02-11 18:03:20 [verbose]: Request to https://a.ppy.sh/34699086 successfully completed!
2025-02-11 18:03:24 [verbose]: Request to https://a.ppy.sh/34699086 successfully completed!
2025-02-11 18:03:28 [verbose]: Request to https://a.ppy.sh/34699086 successfully completed!
2025-02-11 18:03:29 [verbose]: Request to https://a.ppy.sh/34699086 successfully completed!
2025-02-11 18:03:30 [verbose]: Performing request osu.Game.Online.Solo.CreateSoloScoreRequest
2025-02-11 18:03:30 [verbose]: Request to https://osu.ppy.sh/api/v2/beatmaps/794860/solo/scores successfully completed!
2025-02-11 18:03:30 [verbose]: CreateSoloScoreRequest finished with response size of 115 bytes
2025-02-11 18:04:09 [verbose]: Request to https://auth.ppy.sh/updates/get successfully completed!
2025-02-11 18:04:16 [verbose]: Performing request osu.Game.Online.API.Requests.ChatAckRequest
2025-02-11 18:04:17 [verbose]: Request to https://osu.ppy.sh/api/v2/chat/ack successfully completed!
2025-02-11 18:04:17 [verbose]: ChatAckRequest finished with response size of 15 bytes
2025-02-11 18:05:02 [verbose]: Performing request osu.Game.Online.API.Requests.GetChannelRequest
2025-02-11 18:05:03 [verbose]: Request to https://osu.ppy.sh/api/v2/chat/channels/6 successfully completed!
2025-02-11 18:05:03 [verbose]: GetChannelRequest finished with response size of 376 bytes
2025-02-11 18:05:10 [verbose]: Request to https://auth.ppy.sh/updates/get successfully completed!
2025-02-11 18:05:17 [verbose]: Performing request osu.Game.Online.API.Requests.ChatAckRequest
2025-02-11 18:05:17 [verbose]: Request to https://osu.ppy.sh/api/v2/chat/ack successfully completed!
2025-02-11 18:05:17 [verbose]: ChatAckRequest finished with response size of 15 bytes
2025-02-11 18:05:31 [verbose]: Performing request osu.Game.Online.Solo.SubmitSoloScoreRequest
2025-02-11 18:05:31 [verbose]: Request to https://osu.ppy.sh/api/v2/beatmaps/794860/solo/scores/507122404 successfully completed!
2025-02-11 18:05:31 [verbose]: SubmitSoloScoreRequest finished with response size of 934 bytes
2025-02-11 18:05:32 [verbose]: Performing request osu.Game.Online.API.Requests.GetScoresRequest
2025-02-11 18:05:32 [verbose]: Request to https://osu.ppy.sh/api/v2/beatmaps/794860/solo-scores?type=global&mode=osu successfully completed!
2025-02-11 18:05:32 [verbose]: GetScoresRequest finished with response size of 69,082 bytes
2025-02-11 18:05:32 [verbose]: Performing request osu.Game.Online.API.Requests.GetUserRequest
2025-02-11 18:05:33 [verbose]: Request to https://assets.ppy.sh/user-cover-presets/6/a7d51a05cb3c08a43531dfa8dc99c2fc7fe0d8cfce2756c340f11b3683b5d3bf.jpeg successfully completed!
2025-02-11 18:05:33 [verbose]: Request to https://assets.ppy.sh/user-cover-presets/4/2fd772ad175c5687370e0aab50799a84adef7d0fff3f97dccfa5c94384ebb8af.jpeg successfully completed!
2025-02-11 18:05:33 [verbose]: Request to https://osu.ppy.sh/api/v2/users/34699086/osu?key=id successfully completed!
2025-02-11 18:05:33 [verbose]: GetUserRequest finished with response size of 6,294 bytes
2025-02-11 18:05:33 [verbose]: Performing request osu.Game.Online.API.Requests.GetBeatmapSetRequest
2025-02-11 18:05:33 [verbose]: Request to https://assets.ppy.sh/user-cover-presets/3/32ddb3eb261e38a82067f9ef4ea96c12f6abf8bd228e6413330f9d351420301b.jpeg successfully completed!
2025-02-11 18:05:34 [verbose]: Request to https://osu.ppy.sh/api/v2/beatmapsets/347586 successfully completed!
2025-02-11 18:05:34 [verbose]: GetBeatmapSetRequest finished with response size of 53,757 bytes
2025-02-11 18:05:34 [verbose]: Request to https://assets.ppy.sh/user-profile-covers/6911521/65206597f9fc57798c9842527f771797b316b48a48c95d001ecdba7fad4951cc.jpeg successfully completed!
2025-02-11 18:05:34 [verbose]: Request to https://assets.ppy.sh/user-profile-covers/6585952/38df7c2329823fb9407156071ce3f1bcf44f9fedf1775c130f5414185e8e52fa.jpeg successfully completed!
2025-02-11 18:05:35 [verbose]: Request to https://assets.ppy.sh/user-profile-covers/4996528/1696c15105c10de568af830720fc9112cecf634cd770fa11f859f6ba2dce0262.jpeg successfully completed!
2025-02-11 18:05:35 [verbose]: Request to https://a.ppy.sh/6911521?1730605935.jpeg successfully completed!
2025-02-11 18:05:36 [verbose]: Request to https://a.ppy.sh/5315077?1732298063.png successfully completed!
2025-02-11 18:05:36 [verbose]: Request to https://a.ppy.sh/4996528?1559159955.jpeg successfully completed!
2025-02-11 18:05:36 [verbose]: Request to https://a.ppy.sh/3101154?1716301612.jpeg successfully completed!
2025-02-11 18:05:36 [verbose]: Request to https://a.ppy.sh/6585952?1737176852.jpeg successfully completed!
2025-02-11 18:05:37 [verbose]: Request to https://a.ppy.sh/6331918?1646337789.jpeg successfully completed!
2025-02-11 18:05:42 [verbose]: Request to https://a.ppy.sh/34699086 successfully completed!
2025-02-11 18:05:44 [verbose]: Request to https://a.ppy.sh/34699086 successfully completed!
2025-02-11 18:05:45 [verbose]: Performing request osu.Game.Online.Solo.CreateSoloScoreRequest
2025-02-11 18:05:45 [verbose]: Request to https://osu.ppy.sh/api/v2/beatmaps/852138/solo/scores successfully completed!
2025-02-11 18:05:45 [verbose]: CreateSoloScoreRequest finished with response size of 115 bytes
2025-02-11 18:06:08 [verbose]: Performing request osu.Game.Online.Solo.SubmitSoloScoreRequest
2025-02-11 18:06:08 [verbose]: Request to https://osu.ppy.sh/api/v2/beatmaps/852138/solo/scores/507125103 successfully completed!
2025-02-11 18:06:08 [verbose]: SubmitSoloScoreRequest finished with response size of 882 bytes
2025-02-11 18:06:10 [verbose]: Performing request osu.Game.Online.Solo.CreateSoloScoreRequest
2025-02-11 18:06:10 [verbose]: Request to https://auth.ppy.sh/updates/get successfully completed!
2025-02-11 18:06:10 [verbose]: Request to https://osu.ppy.sh/api/v2/beatmaps/852138/solo/scores successfully completed!
2025-02-11 18:06:10 [verbose]: CreateSoloScoreRequest finished with response size of 115 bytes
2025-02-11 18:06:17 [verbose]: Performing request osu.Game.Online.API.Requests.ChatAckRequest
2025-02-11 18:06:18 [verbose]: Request to https://osu.ppy.sh/api/v2/chat/ack successfully completed!
2025-02-11 18:06:18 [verbose]: ChatAckRequest finished with response size of 15 bytes
2025-02-11 18:07:11 [verbose]: Request to https://auth.ppy.sh/updates/get successfully completed!
2025-02-11 18:07:18 [verbose]: Performing request osu.Game.Online.API.Requests.ChatAckRequest
2025-02-11 18:07:19 [verbose]: Request to https://osu.ppy.sh/api/v2/chat/ack successfully completed!
2025-02-11 18:07:19 [verbose]: ChatAckRequest finished with response size of 15 bytes
2025-02-11 18:08:01 [verbose]: Performing request osu.Game.Online.Solo.SubmitSoloScoreRequest
2025-02-11 18:08:01 [verbose]: Request to https://osu.ppy.sh/api/v2/beatmaps/852138/solo/scores/507125598 successfully completed!
2025-02-11 18:08:01 [verbose]: SubmitSoloScoreRequest finished with response size of 879 bytes
2025-02-11 18:08:03 [verbose]: Request to https://a.ppy.sh/34699086 successfully completed!
2025-02-11 18:08:08 [verbose]: Request to https://a.ppy.sh/34699086 successfully completed!
2025-02-11 18:08:11 [verbose]: Performing request osu.Game.Online.Solo.CreateSoloScoreRequest
2025-02-11 18:08:12 [verbose]: Request to https://osu.ppy.sh/api/v2/beatmaps/4360305/solo/scores failed with System.Net.WebException: UnprocessableEntity.
2025-02-11 18:08:12 [verbose]: Response was: {"error":"invalid or missing beatmap_hash"}
2025-02-11 18:08:12 [verbose]: Failing request osu.Game.Online.Solo.CreateSoloScoreRequest (osu.Game.Online.API.APIException: invalid or missing beatmap_hash
2025-02-11 18:08:12 [verbose]: ---> System.Net.WebException: UnprocessableEntity
2025-02-11 18:08:12 [verbose]: --- End of inner exception stack trace ---)
2025-02-11 18:08:12 [verbose]: Request to https://auth.ppy.sh/updates/get successfully completed!
2025-02-11 18:08:19 [verbose]: Performing request osu.Game.Online.API.Requests.ChatAckRequest
2025-02-11 18:08:20 [verbose]: Request to https://osu.ppy.sh/api/v2/chat/ack successfully completed!
2025-02-11 18:08:20 [verbose]: ChatAckRequest finished with response size of 15 bytes
2025-02-11 18:09:13 [verbose]: Request to https://auth.ppy.sh/updates/get successfully completed!
2025-02-11 18:09:20 [verbose]: Performing request osu.Game.Online.API.Requests.ChatAckRequest
2025-02-11 18:09:20 [verbose]: Request to https://osu.ppy.sh/api/v2/chat/ack successfully completed!
2025-02-11 18:09:20 [verbose]: ChatAckRequest finished with response size of 15 bytes
2025-02-11 18:10:14 [verbose]: Request to https://auth.ppy.sh/updates/get successfully completed!
2025-02-11 18:10:20 [verbose]: Performing request osu.Game.Online.API.Requests.ChatAckRequest
2025-02-11 18:10:21 [verbose]: Request to https://osu.ppy.sh/api/v2/chat/ack successfully completed!
2025-02-11 18:10:21 [verbose]: ChatAckRequest finished with response size of 49 bytes
2025-02-11 18:11:06 [verbose]: Performing request osu.Game.Online.API.Requests.GetBeatmapSetRequest
2025-02-11 18:11:07 [verbose]: Request to https://assets.ppy.sh/user-cover-presets/6/a7d51a05cb3c08a43531dfa8dc99c2fc7fe0d8cfce2756c340f11b3683b5d3bf.jpeg successfully completed!
2025-02-11 18:11:07 [verbose]: Request to https://osu.ppy.sh/api/v2/beatmapsets/2080781 successfully completed!
2025-02-11 18:11:07 [verbose]: GetBeatmapSetRequest finished with response size of 48,690 bytes
2025-02-11 18:11:10 [verbose]: Request to https://a.ppy.sh/34699086 successfully completed!
2025-02-11 18:11:14 [verbose]: Request to https://auth.ppy.sh/updates/get successfully completed!
2025-02-11 18:11:21 [verbose]: Performing request osu.Game.Online.API.Requests.ChatAckRequest
2025-02-11 18:11:21 [verbose]: Request to https://osu.ppy.sh/api/v2/chat/ack successfully completed!
2025-02-11 18:11:21 [verbose]: ChatAckRequest finished with response size of 49 bytes
2025-02-11 18:11:22 [verbose]: Request to https://a.ppy.sh/34699086 successfully completed!
2025-02-11 18:11:25 [verbose]: Request to https://a.ppy.sh/34699086 successfully completed!
2025-02-11 18:11:30 [verbose]: Request to https://a.ppy.sh/34699086 successfully completed!
2025-02-11 18:11:32 [verbose]: Request to https://a.ppy.sh/34699086 successfully completed!
2025-02-11 18:11:32 [verbose]: Performing request osu.Game.Online.Solo.CreateSoloScoreRequest
2025-02-11 18:11:33 [verbose]: Request to https://osu.ppy.sh/api/v2/beatmaps/4772428/solo/scores successfully completed!
2025-02-11 18:11:33 [verbose]: CreateSoloScoreRequest finished with response size of 116 bytes
2025-02-11 18:11:37 [verbose]: Request to https://a.ppy.sh/34699086 successfully completed!
2025-02-11 18:11:38 [verbose]: Performing request osu.Game.Online.Solo.CreateSoloScoreRequest
2025-02-11 18:11:39 [verbose]: Request to https://osu.ppy.sh/api/v2/beatmaps/4392338/solo/scores successfully completed!
2025-02-11 18:11:39 [verbose]: CreateSoloScoreRequest finished with response size of 116 bytes
2025-02-11 18:12:06 [verbose]: Performing request osu.Game.Online.Solo.SubmitSoloScoreRequest
2025-02-11 18:12:06 [verbose]: Request to https://osu.ppy.sh/api/v2/beatmaps/4392338/solo/scores/507132203 successfully completed!
2025-02-11 18:12:06 [verbose]: SubmitSoloScoreRequest finished with response size of 892 bytes
2025-02-11 18:12:08 [verbose]: Performing request osu.Game.Online.API.Requests.GetChannelRequest
2025-02-11 18:12:08 [verbose]: Request to https://osu.ppy.sh/api/v2/chat/channels/14599138 successfully completed!
2025-02-11 18:12:08 [verbose]: GetChannelRequest finished with response size of 378 bytes
2025-02-11 18:12:11 [verbose]: Request to https://a.ppy.sh/34699086 successfully completed!
2025-02-11 18:12:12 [verbose]: Performing request osu.Game.Online.Solo.CreateSoloScoreRequest
2025-02-11 18:12:13 [verbose]: Request to https://osu.ppy.sh/api/v2/beatmaps/4668635/solo/scores successfully completed!
2025-02-11 18:12:13 [verbose]: CreateSoloScoreRequest finished with response size of 116 bytes
2025-02-11 18:12:14 [verbose]: Request to https://auth.ppy.sh/updates/get successfully completed!
2025-02-11 18:12:21 [verbose]: Performing request osu.Game.Online.API.Requests.ChatAckRequest
2025-02-11 18:12:22 [verbose]: Request to https://osu.ppy.sh/api/v2/chat/ack successfully completed!
2025-02-11 18:12:22 [verbose]: ChatAckRequest finished with response size of 15 bytes
2025-02-11 18:13:15 [verbose]: Request to https://auth.ppy.sh/updates/get successfully completed!
2025-02-11 18:13:22 [verbose]: Performing request osu.Game.Online.API.Requests.ChatAckRequest
2025-02-11 18:13:22 [verbose]: Request to https://osu.ppy.sh/api/v2/chat/ack successfully completed!
2025-02-11 18:13:22 [verbose]: ChatAckRequest finished with response size of 15 bytes
2025-02-11 18:14:15 [verbose]: Request to https://auth.ppy.sh/updates/get successfully completed!
2025-02-11 18:14:22 [verbose]: Performing request osu.Game.Online.API.Requests.ChatAckRequest
2025-02-11 18:14:23 [verbose]: Request to https://osu.ppy.sh/api/v2/chat/ack successfully completed!
2025-02-11 18:14:23 [verbose]: ChatAckRequest finished with response size of 15 bytes
2025-02-11 18:14:51 [verbose]: Performing request osu.Game.Online.Solo.SubmitSoloScoreRequest
2025-02-11 18:14:51 [verbose]: Request to https://osu.ppy.sh/api/v2/beatmaps/4668635/solo/scores/507132861 successfully completed!
2025-02-11 18:14:51 [verbose]: SubmitSoloScoreRequest finished with response size of 936 bytes
2025-02-11 18:14:52 [verbose]: Performing request osu.Game.Online.API.Requests.GetScoresRequest
2025-02-11 18:14:52 [verbose]: Request to https://assets.ppy.sh/user-cover-presets/6/a7d51a05cb3c08a43531dfa8dc99c2fc7fe0d8cfce2756c340f11b3683b5d3bf.jpeg successfully completed!
2025-02-11 18:14:53 [verbose]: Request to https://osu.ppy.sh/api/v2/beatmaps/4668635/solo-scores?type=global&mode=osu successfully completed!
2025-02-11 18:14:53 [verbose]: GetScoresRequest finished with response size of 70,655 bytes
2025-02-11 18:14:53 [verbose]: Performing request osu.Game.Online.API.Requests.GetUserRequest
2025-02-11 18:14:54 [verbose]: Request to https://assets.ppy.sh/user-cover-presets/2/f5142b64b60002f6314b22c775195950105908e149037f4de78efc0e0f28d442.jpeg successfully completed!
2025-02-11 18:14:54 [verbose]: Request to https://assets.ppy.sh/user-profile-covers/18310899/4962e8c0ce1928a80ce681789f91ee5701a4843313428be5ec933ef1dde2ef2f.jpeg successfully completed!
2025-02-11 18:14:54 [verbose]: Request to https://assets.ppy.sh/user-profile-covers/11057141/c5ee0732d023a8bd29e1a14e74df728963f948058420e816c8f4e7005c57854d.png successfully completed!
2025-02-11 18:14:55 [verbose]: Request to https://osu.ppy.sh/api/v2/users/34699086/osu?key=id successfully completed!
2025-02-11 18:14:55 [verbose]: GetUserRequest finished with response size of 6,295 bytes
2025-02-11 18:14:55 [verbose]: Performing request osu.Game.Online.API.Requests.GetBeatmapSetRequest
2025-02-11 18:14:55 [verbose]: Request to https://osu.ppy.sh/api/v2/beatmapsets/2202658 successfully completed!
2025-02-11 18:14:55 [verbose]: GetBeatmapSetRequest finished with response size of 38,832 bytes
2025-02-11 18:15:02 [verbose]: Request to https://a.ppy.sh/34699086 successfully completed!
2025-02-11 18:15:04 [verbose]: Request to https://a.ppy.sh/34699086 successfully completed!
2025-02-11 18:15:06 [verbose]: Request to https://a.ppy.sh/34699086 successfully completed!
2025-02-11 18:15:16 [verbose]: Request to https://auth.ppy.sh/updates/get successfully completed!
2025-02-11 18:15:16 [verbose]: Request to https://a.ppy.sh/34699086 successfully completed!
2025-02-11 18:15:19 [verbose]: Request to https://a.ppy.sh/34699086 successfully completed!
2025-02-11 18:15:19 [verbose]: Performing request osu.Game.Online.Solo.CreateSoloScoreRequest
2025-02-11 18:15:20 [verbose]: Request to https://osu.ppy.sh/api/v2/beatmaps/1832351/solo/scores successfully completed!
2025-02-11 18:15:20 [verbose]: CreateSoloScoreRequest finished with response size of 116 bytes
2025-02-11 18:15:23 [verbose]: Performing request osu.Game.Online.API.Requests.ChatAckRequest
2025-02-11 18:15:24 [verbose]: Request to https://osu.ppy.sh/api/v2/chat/ack successfully completed!
2025-02-11 18:15:24 [verbose]: ChatAckRequest finished with response size of 15 bytes
2025-02-11 18:16:16 [verbose]: Request to https://auth.ppy.sh/updates/get successfully completed!
2025-02-11 18:16:24 [verbose]: Performing request osu.Game.Online.API.Requests.ChatAckRequest
2025-02-11 18:16:24 [verbose]: Request to https://osu.ppy.sh/api/v2/chat/ack successfully completed!
2025-02-11 18:16:24 [verbose]: ChatAckRequest finished with response size of 15 bytes
2025-02-11 18:17:16 [verbose]: Request to https://auth.ppy.sh/updates/get successfully completed!
2025-02-11 18:17:24 [verbose]: Performing request osu.Game.Online.API.Requests.ChatAckRequest
2025-02-11 18:17:25 [verbose]: Request to https://osu.ppy.sh/api/v2/chat/ack successfully completed!
2025-02-11 18:17:25 [verbose]: ChatAckRequest finished with response size of 15 bytes
2025-02-11 18:17:40 [verbose]: Performing request osu.Game.Online.Solo.SubmitSoloScoreRequest
2025-02-11 18:17:40 [verbose]: Request to https://osu.ppy.sh/api/v2/beatmaps/1832351/solo/scores/507136630 successfully completed!
2025-02-11 18:17:40 [verbose]: SubmitSoloScoreRequest finished with response size of 871 bytes
2025-02-11 18:17:42 [verbose]: Request to https://assets.ppy.sh/menu-content.json successfully completed!
