----------------------------------------------------------
database Log (LogLevel: Verbose)
Running osu 2025.118.3.0 on .NET 8.0.12
Environment: Linux (Unix 6.13.2.1), 8 cores 
----------------------------------------------------------
2025-02-11 16:52:34 [verbose]: [LocalCachedBeatmapMetadataSource] Fetching local cache because it does not exist.
2025-02-11 16:52:39 [verbose]: [LocalCachedBeatmapMetadataSource] Fetching local cache because it does not exist.
2025-02-11 16:52:39 [verbose]: [LocalCachedBeatmapMetadataSource] Online cache extraction failed: System.InvalidOperationException: BZip2 compressed file ends unexpectedly
2025-02-11 16:52:39 [verbose]: at SharpCompress.Compressors.BZip2.CBZip2InputStream.CompressedStreamEOF()
2025-02-11 16:52:39 [verbose]: at SharpCompress.Compressors.BZip2.CBZip2InputStream.BsR(Int32 n)
2025-02-11 16:52:39 [verbose]: at SharpCompress.Compressors.BZip2.CBZip2InputStream.GetAndMoveToFrontDecode()
2025-02-11 16:52:39 [verbose]: at SharpCompress.Compressors.BZip2.CBZip2InputStream.InitBlock()
2025-02-11 16:52:39 [verbose]: at SharpCompress.Compressors.BZip2.CBZip2InputStream..ctor(Stream zStream, Boolean decompressConcatenated)
2025-02-11 16:52:39 [verbose]: at SharpCompress.Compressors.BZip2.BZip2Stream..ctor(Stream stream, CompressionMode compressionMode, Boolean decompressConcatenated)
2025-02-11 16:52:39 [verbose]: at osu.Game.Beatmaps.LocalCachedBeatmapMetadataSource.<>c__DisplayClass9_0.<prepareLocalCache>b__1()
2025-02-11 16:52:42 [verbose]: [LocalCachedBeatmapMetadataSource] Online cache extraction failed: System.IO.FileNotFoundException: Could not find file '/home/paul/.local/share/osu/online.db.bz2'.
2025-02-11 16:52:42 [verbose]: File name: '/home/paul/.local/share/osu/online.db.bz2'
2025-02-11 16:52:42 [verbose]: at Interop.ThrowExceptionForIoErrno(ErrorInfo errorInfo, String path, Boolean isDirError)
2025-02-11 16:52:42 [verbose]: at Microsoft.Win32.SafeHandles.SafeFileHandle.Open(String fullPath, FileMode mode, FileAccess access, FileShare share, FileOptions options, Int64 preallocationSize, UnixFileMode openPermissions, Int64& fileLength, UnixFileMode& filePermissions, Boolean failForSymlink, Boolean& wasSymlink, Func`4 createOpenException)
2025-02-11 16:52:42 [verbose]: at System.IO.Strategies.OSFileStreamStrategy..ctor(String path, FileMode mode, FileAccess access, FileShare share, FileOptions options, Int64 preallocationSize, Nullable`1 unixCreateMode)
2025-02-11 16:52:42 [verbose]: at System.IO.File.OpenRead(String path)
2025-02-11 16:52:42 [verbose]: at osu.Game.Beatmaps.LocalCachedBeatmapMetadataSource.<>c__DisplayClass9_0.<prepareLocalCache>b__1()
2025-02-11 16:55:03 [verbose]: [?????] Beginning import from replay.osr...
2025-02-11 16:55:03 [verbose]: [7063b] Import successfully completed!
2025-02-11 16:59:56 [verbose]: [?????] Beginning import from replay.osr...
2025-02-11 16:59:58 [verbose]: [c6d8f] Import successfully completed!
