----------------------------------------------------------
network Log (LogLevel: Verbose)
Running osu 2025.118.3.0 on .NET 8.0.12
Environment: Linux (Unix 6.13.2.1), 8 cores 
----------------------------------------------------------
2025-02-15 15:42:05 [verbose]: API endpoint root: https://osu.ppy.sh
2025-02-15 15:42:05 [verbose]: API request version: 20250118
2025-02-15 15:42:05 [verbose]: Request to https://auth.ppy.sh/updates/get successfully completed!
2025-02-15 15:42:06 [verbose]: Request to https://osu.ppy.sh/oauth/token successfully completed!
2025-02-15 15:42:06 [verbose]: Performing request osu.Game.Online.API.Requests.GetSeasonalBackgroundsRequest
2025-02-15 15:42:06 [verbose]: Performing request osu.Game.Online.API.Requests.GetMeRequest
2025-02-15 15:42:08 [verbose]: Request to https://osu.ppy.sh/api/v2/seasonal-backgrounds successfully completed!
2025-02-15 15:42:08 [verbose]: GetSeasonalBackgroundsRequest finished with response size of 9,722 bytes
2025-02-15 15:42:11 [verbose]: Request to https://osu.ppy.sh/api/v2/me/ successfully completed!
2025-02-15 15:42:11 [verbose]: GetMeRequest finished with response size of 7,996 bytes
2025-02-15 15:42:11 [verbose]: WebSocketNotificationsClientConnector connecting...
2025-02-15 15:42:11 [verbose]: SpectatorClient connecting...
2025-02-15 15:42:11 [verbose]: OnlineMetadataClient connecting...
2025-02-15 15:42:11 [verbose]: OnlineMultiplayerClient connecting...
2025-02-15 15:42:11 [verbose]: Performing request osu.Game.Online.API.Requests.GetNotificationsRequest
2025-02-15 15:42:11 [verbose]: Request to https://assets.ppy.sh/menu-content.json successfully completed!
2025-02-15 15:42:11 [verbose]: Performing request osu.Game.Online.API.Requests.GetUpdatesRequest
2025-02-15 15:42:12 [verbose]: Request to https://auth.ppy.sh/updates/get successfully completed!
2025-02-15 15:42:13 [verbose]: Request to https://osu.ppy.sh/api/v2/notifications successfully completed!
2025-02-15 15:42:13 [verbose]: GetNotificationsRequest finished with response size of 1,712 bytes
2025-02-15 15:42:13 [verbose]: Request to https://osu.ppy.sh/api/v2/chat/updates successfully completed!
2025-02-15 15:42:13 [verbose]: Request to https://assets.ppy.sh/main-menu/soty-2024-menu@2x.png successfully completed!
2025-02-15 15:42:13 [verbose]: GetUpdatesRequest finished with response size of 1,085 bytes
2025-02-15 15:42:13 [verbose]: Performing request osu.Game.Online.API.Requests.GetFriendsRequest
2025-02-15 15:42:14 [verbose]: Request to https://assets.ppy.sh/store/osu-tablet-2025/tablet-banner@2x.png successfully completed!
2025-02-15 15:42:14 [verbose]: Request to https://osu.ppy.sh/api/v2/friends successfully completed!
2025-02-15 15:42:14 [verbose]: GetFriendsRequest finished with response size of 2 bytes
2025-02-15 15:42:14 [verbose]: Performing request osu.Game.Online.API.Requests.ChatAckRequest
2025-02-15 15:42:15 [verbose]: Request to https://assets.ppy.sh/main-menu/banner_TWC2025_registrations@2x.png successfully completed!
2025-02-15 15:42:16 [verbose]: Request to https://osu.ppy.sh/api/v2/chat/ack successfully completed!
2025-02-15 15:42:16 [verbose]: ChatAckRequest finished with response size of 15 bytes
2025-02-15 15:42:16 [verbose]: Performing request osu.Game.Online.API.Requests.GetUserRequest
2025-02-15 15:42:16 [verbose]: WebSocketNotificationsClientConnector connected!
2025-02-15 15:42:16 [verbose]: Now listening to websocket chat messages.
2025-02-15 15:42:16 [verbose]: Request to https://osu.ppy.sh/api/v2/users/34699086/osu?key=id successfully completed!
2025-02-15 15:42:17 [verbose]: GetUserRequest finished with response size of 6,303 bytes
2025-02-15 15:42:17 [verbose]: Performing request osu.Game.Online.API.Requests.GetUserRequest
2025-02-15 15:42:20 [verbose]: Request to https://osu.ppy.sh/api/v2/users/34699086/taiko?key=id successfully completed!
2025-02-15 15:42:20 [verbose]: GetUserRequest finished with response size of 6,197 bytes
2025-02-15 15:42:20 [verbose]: Performing request osu.Game.Online.API.Requests.GetUserRequest
2025-02-15 15:42:20 [verbose]: Request to https://a.ppy.sh/34699086?1698530547.jpeg successfully completed!
2025-02-15 15:42:22 [verbose]: Request to https://osu.ppy.sh/api/v2/users/34699086/fruits?key=id successfully completed!
2025-02-15 15:42:22 [verbose]: GetUserRequest finished with response size of 6,202 bytes
2025-02-15 15:42:22 [verbose]: Performing request osu.Game.Online.API.Requests.GetUserRequest
2025-02-15 15:42:22 [verbose]: Request to https://assets.ppy.sh/client-resources/online.db.bz2?20250215 successfully completed!
2025-02-15 15:42:23 [verbose]: SpectatorClient connected!
2025-02-15 15:42:25 [verbose]: OnlineMultiplayerClient connected!
2025-02-15 15:42:26 [verbose]: OnlineMetadataClient connected!
2025-02-15 15:42:27 [verbose]: Request to https://osu.ppy.sh/api/v2/users/34699086/mania?key=id successfully completed!
2025-02-15 15:42:27 [verbose]: OnlineMetadataClient stopped watching user presence
2025-02-15 15:42:27 [verbose]: GetUserRequest finished with response size of 5,012 bytes
2025-02-15 15:42:27 [verbose]: Performing request osu.Game.Online.API.Requests.GetMessagesRequest
2025-02-15 15:42:27 [verbose]: Request to https://a.ppy.sh/34699086 successfully completed!
2025-02-15 15:42:27 [verbose]: Request to https://assets.ppy.sh/client-resources/online.db.bz2?20250215 successfully completed!
2025-02-15 15:42:27 [verbose]: Request to https://osu.ppy.sh/api/v2/chat/channels/5/messages successfully completed!
2025-02-15 15:42:27 [verbose]: GetMessagesRequest finished with response size of 24,969 bytes
2025-02-15 15:42:27 [verbose]: Performing request osu.Game.Online.API.Requests.ListChannelsRequest
2025-02-15 15:42:28 [verbose]: Request to https://osu.ppy.sh/api/v2/chat/channels successfully completed!
2025-02-15 15:42:28 [verbose]: ListChannelsRequest finished with response size of 7,547 bytes
2025-02-15 15:42:28 [verbose]: Performing request osu.Game.Online.API.Requests.GetUpdatesRequest
2025-02-15 15:42:30 [verbose]: Request to https://osu.ppy.sh/api/v2/chat/updates successfully completed!
2025-02-15 15:42:30 [verbose]: GetUpdatesRequest finished with response size of 1,085 bytes
2025-02-15 15:42:30 [verbose]: Performing request osu.Game.Online.API.Requests.GetChannelRequest
2025-02-15 15:42:30 [verbose]: Request to https://osu.ppy.sh/api/v2/chat/channels/5 successfully completed!
2025-02-15 15:42:30 [verbose]: GetChannelRequest finished with response size of 383 bytes
2025-02-15 15:42:30 [verbose]: Performing request osu.Game.Online.Rooms.GetRoomRequest
2025-02-15 15:42:32 [verbose]: Request to https://osu.ppy.sh/api/v2/rooms/1160825 successfully completed!
2025-02-15 15:42:32 [verbose]: GetRoomRequest finished with response size of 19,512 bytes
2025-02-15 15:42:32 [verbose]: Performing request osu.Game.Online.API.Requests.GetChannelRequest
2025-02-15 15:42:32 [verbose]: Request to https://osu.ppy.sh/api/v2/chat/channels/5 successfully completed!
2025-02-15 15:42:32 [verbose]: GetChannelRequest finished with response size of 383 bytes
2025-02-15 15:42:32 [verbose]: Performing request osu.Game.Online.API.Requests.GetChannelRequest
2025-02-15 15:42:33 [verbose]: Request to https://osu.ppy.sh/api/v2/chat/channels/5 successfully completed!
2025-02-15 15:42:33 [verbose]: GetChannelRequest finished with response size of 383 bytes
2025-02-15 15:42:33 [verbose]: Performing request osu.Game.Online.API.Requests.GetChannelRequest
2025-02-15 15:42:33 [verbose]: Request to https://osu.ppy.sh/api/v2/chat/channels/5 successfully completed!
2025-02-15 15:42:33 [verbose]: GetChannelRequest finished with response size of 383 bytes
2025-02-15 15:42:33 [verbose]: Performing request osu.Game.Online.API.Requests.ListChannelsRequest
2025-02-15 15:42:34 [verbose]: Request to https://osu.ppy.sh/api/v2/chat/channels successfully completed!
2025-02-15 15:42:34 [verbose]: ListChannelsRequest finished with response size of 7,547 bytes
2025-02-15 15:42:34 [verbose]: Request to https://a.ppy.sh/34699086 successfully completed!
2025-02-15 15:42:36 [verbose]: Performing request osu.Game.Online.Solo.CreateSoloScoreRequest
2025-02-15 15:42:37 [verbose]: Request to https://osu.ppy.sh/api/v2/beatmaps/956355/solo/scores successfully completed!
2025-02-15 15:42:37 [verbose]: CreateSoloScoreRequest finished with response size of 115 bytes
2025-02-15 15:42:56 [verbose]: Performing request osu.Game.Online.Solo.SubmitSoloScoreRequest
2025-02-15 15:42:57 [verbose]: Request to https://osu.ppy.sh/api/v2/beatmaps/956355/solo/scores/512420993 successfully completed!
2025-02-15 15:42:57 [verbose]: SubmitSoloScoreRequest finished with response size of 868 bytes
2025-02-15 15:43:00 [verbose]: Request to https://a.ppy.sh/34699086 successfully completed!
2025-02-15 15:43:03 [verbose]: Request to https://a.ppy.sh/34699086 successfully completed!
2025-02-15 15:43:04 [verbose]: Performing request osu.Game.Online.Solo.CreateSoloScoreRequest
2025-02-15 15:43:04 [verbose]: Request to https://osu.ppy.sh/api/v2/beatmaps/786979/solo/scores successfully completed!
2025-02-15 15:43:04 [verbose]: CreateSoloScoreRequest finished with response size of 115 bytes
2025-02-15 15:43:05 [verbose]: Request to https://auth.ppy.sh/updates/get successfully completed!
2025-02-15 15:43:16 [verbose]: Performing request osu.Game.Online.API.Requests.ChatAckRequest
2025-02-15 15:43:16 [verbose]: Request to https://osu.ppy.sh/api/v2/chat/ack successfully completed!
2025-02-15 15:43:16 [verbose]: ChatAckRequest finished with response size of 15 bytes
2025-02-15 15:44:06 [verbose]: Request to https://auth.ppy.sh/updates/get successfully completed!
2025-02-15 15:44:16 [verbose]: Performing request osu.Game.Online.API.Requests.ChatAckRequest
2025-02-15 15:44:17 [verbose]: Request to https://osu.ppy.sh/api/v2/chat/ack successfully completed!
2025-02-15 15:44:17 [verbose]: ChatAckRequest finished with response size of 15 bytes
2025-02-15 15:44:28 [verbose]: Performing request osu.Game.Online.API.Requests.GetChannelRequest
2025-02-15 15:44:29 [verbose]: Request to https://osu.ppy.sh/api/v2/chat/channels/6 successfully completed!
2025-02-15 15:44:29 [verbose]: GetChannelRequest finished with response size of 376 bytes
2025-02-15 15:45:03 [verbose]: Performing request osu.Game.Online.Solo.SubmitSoloScoreRequest
2025-02-15 15:45:04 [verbose]: Request to https://osu.ppy.sh/api/v2/beatmaps/786979/solo/scores/512421570 successfully completed!
2025-02-15 15:45:04 [verbose]: SubmitSoloScoreRequest finished with response size of 934 bytes
2025-02-15 15:45:04 [verbose]: Performing request osu.Game.Online.API.Requests.GetUserRequest
2025-02-15 15:45:04 [verbose]: Performing request osu.Game.Online.API.Requests.GetUserRequest
2025-02-15 15:45:05 [verbose]: Request to https://osu.ppy.sh/api/v2/users/34699086/osu?key=id successfully completed!
2025-02-15 15:45:05 [verbose]: GetUserRequest finished with response size of 6,303 bytes
2025-02-15 15:45:07 [verbose]: Request to https://auth.ppy.sh/updates/get successfully completed!
2025-02-15 15:45:07 [verbose]: Request to https://osu.ppy.sh/api/v2/users/34699086/?key=id successfully completed!
2025-02-15 15:45:07 [verbose]: GetUserRequest finished with response size of 6,303 bytes
2025-02-15 15:45:07 [verbose]: Performing request osu.Game.Online.API.Requests.GetScoresRequest
2025-02-15 15:45:08 [verbose]: Request to https://assets.ppy.sh/user-cover-presets/6/a7d51a05cb3c08a43531dfa8dc99c2fc7fe0d8cfce2756c340f11b3683b5d3bf.jpeg successfully completed!
2025-02-15 15:45:10 [verbose]: Request to https://osu.ppy.sh/api/v2/beatmaps/786979/solo-scores?type=global&mode=osu successfully completed!
2025-02-15 15:45:10 [verbose]: GetScoresRequest finished with response size of 69,623 bytes
2025-02-15 15:45:10 [verbose]: Performing request osu.Game.Online.API.Requests.GetBeatmapSetRequest
2025-02-15 15:45:11 [verbose]: Request to https://assets.ppy.sh/user-profile-covers/5054798/7f3dd700e197720be8ae1ebacad08d01bbf157e517449e560b3ae8dab6af1d40.jpeg successfully completed!
2025-02-15 15:45:11 [verbose]: Request to https://osu.ppy.sh/api/v2/beatmapsets/355573 successfully completed!
2025-02-15 15:45:11 [verbose]: Request to https://assets.ppy.sh/user-cover-presets/7/4a0ccb7b7fdd5c4238b11f0e7c686760fe2c99c6472b19400e82d1a8ff503e31.jpeg successfully completed!
2025-02-15 15:45:11 [verbose]: GetBeatmapSetRequest finished with response size of 67,927 bytes
2025-02-15 15:45:12 [verbose]: Request to https://assets.ppy.sh/user-profile-covers/14127825/61eb9ba6b75edd26ca1ce623a56478a1f1815344405d70d78cadcf560fc4b923.jpeg successfully completed!
2025-02-15 15:45:12 [verbose]: Request to https://assets.ppy.sh/user-cover-presets/21/4e70615c027f579b2a887ec492857fb342fc0fc7f5586db62a9a67f115638c94.jpeg successfully completed!
2025-02-15 15:45:12 [verbose]: Request to https://a.ppy.sh/8370755?1713981387.jpeg successfully completed!
2025-02-15 15:45:12 [verbose]: Request to https://a.ppy.sh/5054798?1560537279.png successfully completed!
2025-02-15 15:45:12 [verbose]: Request to https://a.ppy.sh/7748893?1738359221.png successfully completed!
2025-02-15 15:45:12 [verbose]: Request to https://a.ppy.sh/5787233?1725137669.jpeg successfully completed!
2025-02-15 15:45:12 [verbose]: Request to https://a.ppy.sh/6872025?1737244120.jpeg successfully completed!
2025-02-15 15:45:13 [verbose]: Request to https://a.ppy.sh/14127825?1661495891.jpeg successfully completed!
2025-02-15 15:45:14 [verbose]: Request to https://assets.ppy.sh/user-profile-covers/6872025/ab5100643e395eef1743e829d23a843a4fbd2354699ce4272e423a40a940cb8d.jpeg successfully completed!
2025-02-15 15:45:17 [verbose]: Performing request osu.Game.Online.API.Requests.ChatAckRequest
2025-02-15 15:45:18 [verbose]: Request to https://osu.ppy.sh/api/v2/chat/ack successfully completed!
2025-02-15 15:45:18 [verbose]: ChatAckRequest finished with response size of 49 bytes
2025-02-15 15:45:20 [verbose]: Request to https://a.ppy.sh/34699086 successfully completed!
2025-02-15 15:45:22 [verbose]: Request to https://a.ppy.sh/34699086 successfully completed!
2025-02-15 15:45:24 [verbose]: Request to https://a.ppy.sh/34699086 successfully completed!
2025-02-15 15:45:26 [verbose]: Performing request osu.Game.Online.Solo.CreateSoloScoreRequest
2025-02-15 15:45:26 [verbose]: Request to https://osu.ppy.sh/api/v2/beatmaps/4606546/solo/scores successfully completed!
2025-02-15 15:45:26 [verbose]: CreateSoloScoreRequest finished with response size of 116 bytes
2025-02-15 15:46:07 [verbose]: Request to https://auth.ppy.sh/updates/get successfully completed!
2025-02-15 15:46:18 [verbose]: Performing request osu.Game.Online.API.Requests.ChatAckRequest
2025-02-15 15:46:19 [verbose]: Request to https://osu.ppy.sh/api/v2/chat/ack successfully completed!
2025-02-15 15:46:19 [verbose]: ChatAckRequest finished with response size of 15 bytes
2025-02-15 15:47:07 [verbose]: Request to https://auth.ppy.sh/updates/get successfully completed!
2025-02-15 15:47:19 [verbose]: Performing request osu.Game.Online.API.Requests.ChatAckRequest
2025-02-15 15:47:19 [verbose]: Request to https://osu.ppy.sh/api/v2/chat/ack successfully completed!
2025-02-15 15:47:19 [verbose]: ChatAckRequest finished with response size of 15 bytes
2025-02-15 15:47:38 [verbose]: Performing request osu.Game.Online.Solo.SubmitSoloScoreRequest
2025-02-15 15:47:39 [verbose]: Request to https://osu.ppy.sh/api/v2/beatmaps/4606546/solo/scores/512424768 successfully completed!
2025-02-15 15:47:39 [verbose]: SubmitSoloScoreRequest finished with response size of 865 bytes
2025-02-15 15:47:39 [verbose]: Performing request osu.Game.Online.API.Requests.GetScoresRequest
2025-02-15 15:47:40 [verbose]: Request to https://assets.ppy.sh/user-cover-presets/6/a7d51a05cb3c08a43531dfa8dc99c2fc7fe0d8cfce2756c340f11b3683b5d3bf.jpeg successfully completed!
2025-02-15 15:47:40 [verbose]: Request to https://osu.ppy.sh/api/v2/beatmaps/4606546/solo-scores?type=global&mode=osu successfully completed!
2025-02-15 15:47:40 [verbose]: GetScoresRequest finished with response size of 69,614 bytes
2025-02-15 15:47:40 [verbose]: Performing request osu.Game.Online.API.Requests.GetUserRequest
2025-02-15 15:47:40 [verbose]: Request to https://assets.ppy.sh/user-cover-presets/24/5a5264eff92d34688b237087c355ca0e57dab4e6f66305660cca1a0c4f2405c9.jpeg successfully completed!
2025-02-15 15:47:40 [verbose]: Request to https://assets.ppy.sh/user-cover-presets/5/395c011121ca45b2ab30bd6fdd5d12483acca063bfb75ccae96d88da4304a1fb.jpeg successfully completed!
2025-02-15 15:47:41 [verbose]: Request to https://assets.ppy.sh/user-cover-presets/22/fe7e6dce2328b292d15b03ada3df83064ff58eb77f0ec6d97fb0d8193d8e7de2.jpeg successfully completed!
2025-02-15 15:47:41 [verbose]: Request to https://assets.ppy.sh/user-profile-covers/35710360/927edba428ca58cdf274d87a9fcbcfd9a39aec8167123a9b775334f1aba393c6.jpeg successfully completed!
2025-02-15 15:47:41 [verbose]: Request to https://assets.ppy.sh/user-profile-covers/22690359/b6e31ac6fdcdfad84f42e57763df65ec330badafcb789ae5648cc1cd8b0b78de.jpeg successfully completed!
2025-02-15 15:47:41 [verbose]: Request to https://a.ppy.sh/15018844?1592645345.png successfully completed!
2025-02-15 15:47:41 [verbose]: Request to https://osu.ppy.sh/api/v2/users/34699086/osu?key=id successfully completed!
2025-02-15 15:47:41 [verbose]: Request to https://a.ppy.sh/22076017?1730222738.jpeg successfully completed!
2025-02-15 15:47:41 [verbose]: GetUserRequest finished with response size of 6,303 bytes
2025-02-15 15:47:41 [verbose]: Performing request osu.Game.Online.API.Requests.GetBeatmapSetRequest
2025-02-15 15:47:41 [verbose]: Request to https://a.ppy.sh/13817114?1736460358.jpeg successfully completed!
2025-02-15 15:47:41 [verbose]: Request to https://a.ppy.sh/21669602?1727037733.jpeg successfully completed!
2025-02-15 15:47:41 [verbose]: Request to https://a.ppy.sh/22690359?1730563751.jpeg successfully completed!
2025-02-15 15:47:42 [verbose]: Request to https://osu.ppy.sh/api/v2/beatmapsets/2179299 successfully completed!
2025-02-15 15:47:42 [verbose]: GetBeatmapSetRequest finished with response size of 50,997 bytes
2025-02-15 15:47:42 [verbose]: Request to https://a.ppy.sh/35710360?1738748108.jpeg successfully completed!
2025-02-15 15:47:47 [verbose]: Request to https://a.ppy.sh/34699086 successfully completed!
2025-02-15 15:47:51 [verbose]: Request to https://a.ppy.sh/34699086 successfully completed!
2025-02-15 15:47:57 [verbose]: Request to https://a.ppy.sh/34699086 successfully completed!
2025-02-15 15:47:58 [verbose]: Request to https://a.ppy.sh/34699086 successfully completed!
2025-02-15 15:47:59 [verbose]: Request to https://a.ppy.sh/34699086 successfully completed!
2025-02-15 15:48:08 [verbose]: Request to https://auth.ppy.sh/updates/get successfully completed!
2025-02-15 15:48:19 [verbose]: Performing request osu.Game.Online.API.Requests.ChatAckRequest
2025-02-15 15:48:20 [verbose]: Request to https://osu.ppy.sh/api/v2/chat/ack successfully completed!
2025-02-15 15:48:20 [verbose]: ChatAckRequest finished with response size of 15 bytes
2025-02-15 15:48:38 [verbose]: Performing request osu.Game.Online.Solo.CreateSoloScoreRequest
2025-02-15 15:48:38 [verbose]: Request to https://osu.ppy.sh/api/v2/beatmaps/4772428/solo/scores successfully completed!
2025-02-15 15:48:38 [verbose]: CreateSoloScoreRequest finished with response size of 116 bytes
2025-02-15 15:49:04 [verbose]: Performing request osu.Game.Online.Solo.SubmitSoloScoreRequest
2025-02-15 15:49:05 [verbose]: Request to https://osu.ppy.sh/api/v2/beatmaps/4772428/solo/scores/512429118 successfully completed!
2025-02-15 15:49:05 [verbose]: SubmitSoloScoreRequest finished with response size of 875 bytes
2025-02-15 15:49:08 [verbose]: Request to https://auth.ppy.sh/updates/get successfully completed!
2025-02-15 15:49:16 [verbose]: Performing request osu.Game.Online.Solo.CreateSoloScoreRequest
2025-02-15 15:49:17 [verbose]: Request to https://osu.ppy.sh/api/v2/beatmaps/4772428/solo/scores successfully completed!
2025-02-15 15:49:17 [verbose]: CreateSoloScoreRequest finished with response size of 116 bytes
2025-02-15 15:49:20 [verbose]: Performing request osu.Game.Online.API.Requests.ChatAckRequest
2025-02-15 15:49:20 [verbose]: Request to https://osu.ppy.sh/api/v2/chat/ack successfully completed!
2025-02-15 15:49:20 [verbose]: ChatAckRequest finished with response size of 49 bytes
2025-02-15 15:50:09 [verbose]: Request to https://auth.ppy.sh/updates/get successfully completed!
2025-02-15 15:50:20 [verbose]: Performing request osu.Game.Online.API.Requests.ChatAckRequest
2025-02-15 15:50:21 [verbose]: Request to https://osu.ppy.sh/api/v2/chat/ack successfully completed!
2025-02-15 15:50:21 [verbose]: ChatAckRequest finished with response size of 49 bytes
2025-02-15 15:51:10 [verbose]: Request to https://auth.ppy.sh/updates/get successfully completed!
2025-02-15 15:51:21 [verbose]: Performing request osu.Game.Online.API.Requests.ChatAckRequest
2025-02-15 15:51:22 [verbose]: Request to https://osu.ppy.sh/api/v2/chat/ack successfully completed!
2025-02-15 15:51:22 [verbose]: ChatAckRequest finished with response size of 15 bytes
2025-02-15 15:51:22 [verbose]: Performing request osu.Game.Online.Solo.SubmitSoloScoreRequest
2025-02-15 15:51:23 [verbose]: Request to https://osu.ppy.sh/api/v2/beatmaps/4772428/solo/scores/512430009 successfully completed!
2025-02-15 15:51:23 [verbose]: SubmitSoloScoreRequest finished with response size of 918 bytes
2025-02-15 15:51:23 [verbose]: Performing request osu.Game.Online.API.Requests.GetScoresRequest
2025-02-15 15:51:24 [verbose]: Request to https://assets.ppy.sh/user-cover-presets/6/a7d51a05cb3c08a43531dfa8dc99c2fc7fe0d8cfce2756c340f11b3683b5d3bf.jpeg successfully completed!
2025-02-15 15:51:24 [verbose]: Failing request osu.Game.Online.API.Requests.GetScoresRequest (System.OperationCanceledException: Request cancelled)
2025-02-15 15:51:24 [verbose]: Performing request osu.Game.Online.API.Requests.GetBeatmapSetRequest
2025-02-15 15:51:25 [verbose]: Request to https://a.ppy.sh/34699086 successfully completed!
2025-02-15 15:51:26 [verbose]: Request to https://osu.ppy.sh/api/v2/beatmapsets/2094811 successfully completed!
2025-02-15 15:51:26 [verbose]: GetBeatmapSetRequest finished with response size of 38,749 bytes
2025-02-15 15:51:26 [verbose]: Performing request osu.Game.Online.API.Requests.GetUserRequest
2025-02-15 15:51:28 [verbose]: Request to https://a.ppy.sh/34699086 successfully completed!
2025-02-15 15:51:28 [verbose]: Request to https://osu.ppy.sh/api/v2/users/34699086/osu?key=id successfully completed!
2025-02-15 15:51:28 [verbose]: GetUserRequest finished with response size of 6,303 bytes
2025-02-15 15:51:31 [verbose]: Request to https://a.ppy.sh/34699086 successfully completed!
2025-02-15 15:51:31 [verbose]: Performing request osu.Game.Online.Solo.CreateSoloScoreRequest
2025-02-15 15:51:32 [verbose]: Request to https://osu.ppy.sh/api/v2/beatmaps/1810299/solo/scores successfully completed!
2025-02-15 15:51:32 [verbose]: CreateSoloScoreRequest finished with response size of 116 bytes
2025-02-15 15:52:10 [verbose]: Request to https://auth.ppy.sh/updates/get successfully completed!
2025-02-15 15:52:22 [verbose]: Performing request osu.Game.Online.API.Requests.ChatAckRequest
2025-02-15 15:52:22 [verbose]: Request to https://osu.ppy.sh/api/v2/chat/ack successfully completed!
2025-02-15 15:52:22 [verbose]: ChatAckRequest finished with response size of 15 bytes
2025-02-15 15:53:11 [verbose]: Request to https://auth.ppy.sh/updates/get successfully completed!
2025-02-15 15:53:22 [verbose]: Performing request osu.Game.Online.API.Requests.ChatAckRequest
2025-02-15 15:53:23 [verbose]: Request to https://osu.ppy.sh/api/v2/chat/ack successfully completed!
2025-02-15 15:53:23 [verbose]: ChatAckRequest finished with response size of 15 bytes
2025-02-15 15:54:12 [verbose]: Request to https://auth.ppy.sh/updates/get successfully completed!
2025-02-15 15:54:23 [verbose]: Performing request osu.Game.Online.API.Requests.ChatAckRequest
2025-02-15 15:54:24 [verbose]: Request to https://osu.ppy.sh/api/v2/chat/ack successfully completed!
2025-02-15 15:54:24 [verbose]: ChatAckRequest finished with response size of 15 bytes
2025-02-15 15:55:12 [verbose]: Request to https://auth.ppy.sh/updates/get successfully completed!
2025-02-15 15:55:24 [verbose]: Performing request osu.Game.Online.API.Requests.ChatAckRequest
2025-02-15 15:55:24 [verbose]: Request to https://osu.ppy.sh/api/v2/chat/ack successfully completed!
2025-02-15 15:55:24 [verbose]: ChatAckRequest finished with response size of 15 bytes
2025-02-15 15:56:13 [verbose]: Request to https://auth.ppy.sh/updates/get successfully completed!
2025-02-15 15:56:25 [verbose]: Performing request osu.Game.Online.API.Requests.ChatAckRequest
2025-02-15 15:56:25 [verbose]: Request to https://osu.ppy.sh/api/v2/chat/ack successfully completed!
2025-02-15 15:56:25 [verbose]: ChatAckRequest finished with response size of 15 bytes
2025-02-15 15:57:13 [verbose]: Request to https://auth.ppy.sh/updates/get successfully completed!
2025-02-15 15:57:25 [verbose]: Performing request osu.Game.Online.API.Requests.ChatAckRequest
2025-02-15 15:57:26 [verbose]: Request to https://osu.ppy.sh/api/v2/chat/ack successfully completed!
2025-02-15 15:57:26 [verbose]: ChatAckRequest finished with response size of 15 bytes
2025-02-15 15:58:14 [verbose]: Request to https://auth.ppy.sh/updates/get successfully completed!
2025-02-15 15:58:26 [verbose]: Performing request osu.Game.Online.API.Requests.ChatAckRequest
2025-02-15 15:58:26 [verbose]: Request to https://osu.ppy.sh/api/v2/chat/ack successfully completed!
2025-02-15 15:58:26 [verbose]: ChatAckRequest finished with response size of 15 bytes
2025-02-15 15:59:14 [verbose]: Request to https://auth.ppy.sh/updates/get successfully completed!
2025-02-15 15:59:26 [verbose]: Performing request osu.Game.Online.API.Requests.ChatAckRequest
2025-02-15 15:59:27 [verbose]: Request to https://osu.ppy.sh/api/v2/chat/ack successfully completed!
2025-02-15 15:59:27 [verbose]: ChatAckRequest finished with response size of 15 bytes
2025-02-15 16:00:16 [verbose]: Request to https://auth.ppy.sh/updates/get successfully completed!
2025-02-15 16:00:27 [verbose]: Performing request osu.Game.Online.API.Requests.ChatAckRequest
2025-02-15 16:00:27 [verbose]: Request to https://osu.ppy.sh/api/v2/chat/ack successfully completed!
2025-02-15 16:00:27 [verbose]: ChatAckRequest finished with response size of 15 bytes
2025-02-15 16:01:16 [verbose]: Request to https://auth.ppy.sh/updates/get successfully completed!
2025-02-15 16:01:27 [verbose]: Performing request osu.Game.Online.API.Requests.ChatAckRequest
2025-02-15 16:01:28 [verbose]: Request to https://osu.ppy.sh/api/v2/chat/ack successfully completed!
2025-02-15 16:01:28 [verbose]: ChatAckRequest finished with response size of 49 bytes
2025-02-15 16:02:17 [verbose]: Request to https://auth.ppy.sh/updates/get successfully completed!
2025-02-15 16:02:28 [verbose]: Performing request osu.Game.Online.API.Requests.ChatAckRequest
2025-02-15 16:02:28 [verbose]: Request to https://osu.ppy.sh/api/v2/chat/ack successfully completed!
2025-02-15 16:02:28 [verbose]: ChatAckRequest finished with response size of 15 bytes
2025-02-15 16:03:17 [verbose]: Request to https://auth.ppy.sh/updates/get successfully completed!
2025-02-15 16:03:28 [verbose]: Performing request osu.Game.Online.API.Requests.ChatAckRequest
2025-02-15 16:03:29 [verbose]: Request to https://osu.ppy.sh/api/v2/chat/ack successfully completed!
2025-02-15 16:03:29 [verbose]: ChatAckRequest finished with response size of 15 bytes
2025-02-15 16:04:17 [verbose]: Request to https://auth.ppy.sh/updates/get successfully completed!
2025-02-15 16:04:29 [verbose]: Performing request osu.Game.Online.API.Requests.ChatAckRequest
2025-02-15 16:04:32 [verbose]: Request to https://osu.ppy.sh/api/v2/chat/ack successfully completed!
2025-02-15 16:04:32 [verbose]: ChatAckRequest finished with response size of 15 bytes
2025-02-15 16:05:18 [verbose]: Request to https://auth.ppy.sh/updates/get successfully completed!
2025-02-15 16:05:32 [verbose]: Performing request osu.Game.Online.API.Requests.ChatAckRequest
2025-02-15 16:05:34 [verbose]: Request to https://osu.ppy.sh/api/v2/chat/ack successfully completed!
2025-02-15 16:05:34 [verbose]: ChatAckRequest finished with response size of 15 bytes
2025-02-15 16:06:19 [verbose]: Request to https://auth.ppy.sh/updates/get successfully completed!
2025-02-15 16:06:34 [verbose]: Performing request osu.Game.Online.API.Requests.ChatAckRequest
2025-02-15 16:06:34 [verbose]: Request to https://osu.ppy.sh/api/v2/chat/ack successfully completed!
2025-02-15 16:06:34 [verbose]: ChatAckRequest finished with response size of 15 bytes
2025-02-15 16:07:20 [verbose]: Request to https://auth.ppy.sh/updates/get successfully completed!
2025-02-15 16:07:34 [verbose]: Performing request osu.Game.Online.API.Requests.ChatAckRequest
2025-02-15 16:07:35 [verbose]: Request to https://osu.ppy.sh/api/v2/chat/ack successfully completed!
2025-02-15 16:07:35 [verbose]: ChatAckRequest finished with response size of 15 bytes
2025-02-15 16:08:20 [verbose]: Request to https://auth.ppy.sh/updates/get successfully completed!
2025-02-15 16:08:35 [verbose]: Performing request osu.Game.Online.API.Requests.ChatAckRequest
2025-02-15 16:08:37 [verbose]: Request to https://osu.ppy.sh/api/v2/chat/ack successfully completed!
2025-02-15 16:08:37 [verbose]: ChatAckRequest finished with response size of 15 bytes
2025-02-15 16:09:21 [verbose]: Request to https://auth.ppy.sh/updates/get successfully completed!
2025-02-15 16:09:37 [verbose]: Performing request osu.Game.Online.API.Requests.ChatAckRequest
2025-02-15 16:09:37 [verbose]: Request to https://osu.ppy.sh/api/v2/chat/ack successfully completed!
2025-02-15 16:09:37 [verbose]: ChatAckRequest finished with response size of 15 bytes
2025-02-15 16:10:22 [verbose]: Request to https://auth.ppy.sh/updates/get successfully completed!
2025-02-15 16:10:37 [verbose]: Performing request osu.Game.Online.API.Requests.ChatAckRequest
2025-02-15 16:10:38 [verbose]: Request to https://osu.ppy.sh/api/v2/chat/ack successfully completed!
2025-02-15 16:10:38 [verbose]: ChatAckRequest finished with response size of 15 bytes
2025-02-15 16:11:22 [verbose]: Request to https://auth.ppy.sh/updates/get successfully completed!
2025-02-15 16:11:38 [verbose]: Performing request osu.Game.Online.API.Requests.ChatAckRequest
2025-02-15 16:11:40 [verbose]: Request to https://osu.ppy.sh/api/v2/chat/ack successfully completed!
2025-02-15 16:11:40 [verbose]: ChatAckRequest finished with response size of 15 bytes
2025-02-15 16:12:23 [verbose]: Request to https://auth.ppy.sh/updates/get successfully completed!
2025-02-15 16:12:40 [verbose]: Performing request osu.Game.Online.API.Requests.ChatAckRequest
2025-02-15 16:12:41 [verbose]: Request to https://osu.ppy.sh/api/v2/chat/ack successfully completed!
2025-02-15 16:12:41 [verbose]: ChatAckRequest finished with response size of 15 bytes
2025-02-15 16:13:23 [verbose]: Request to https://auth.ppy.sh/updates/get successfully completed!
2025-02-15 16:13:41 [verbose]: Performing request osu.Game.Online.API.Requests.ChatAckRequest
2025-02-15 16:13:41 [verbose]: Request to https://osu.ppy.sh/api/v2/chat/ack successfully completed!
2025-02-15 16:13:41 [verbose]: ChatAckRequest finished with response size of 15 bytes
2025-02-15 16:14:24 [verbose]: Request to https://auth.ppy.sh/updates/get successfully completed!
2025-02-15 16:14:41 [verbose]: Performing request osu.Game.Online.API.Requests.ChatAckRequest
2025-02-15 16:14:42 [verbose]: Request to https://osu.ppy.sh/api/v2/chat/ack successfully completed!
2025-02-15 16:14:42 [verbose]: ChatAckRequest finished with response size of 49 bytes
2025-02-15 16:15:24 [verbose]: Request to https://auth.ppy.sh/updates/get successfully completed!
2025-02-15 16:15:42 [verbose]: Performing request osu.Game.Online.API.Requests.ChatAckRequest
2025-02-15 16:15:43 [verbose]: Request to https://osu.ppy.sh/api/v2/chat/ack successfully completed!
2025-02-15 16:15:43 [verbose]: ChatAckRequest finished with response size of 15 bytes
2025-02-15 16:16:25 [verbose]: Request to https://auth.ppy.sh/updates/get successfully completed!
2025-02-15 16:16:43 [verbose]: Performing request osu.Game.Online.API.Requests.ChatAckRequest
2025-02-15 16:16:43 [verbose]: Request to https://osu.ppy.sh/api/v2/chat/ack successfully completed!
2025-02-15 16:16:43 [verbose]: ChatAckRequest finished with response size of 49 bytes
2025-02-15 16:17:25 [verbose]: Request to https://auth.ppy.sh/updates/get successfully completed!
2025-02-15 16:17:43 [verbose]: Performing request osu.Game.Online.API.Requests.ChatAckRequest
2025-02-15 16:17:43 [verbose]: Request to https://osu.ppy.sh/api/v2/chat/ack successfully completed!
2025-02-15 16:17:43 [verbose]: ChatAckRequest finished with response size of 15 bytes
2025-02-15 16:18:26 [verbose]: Request to https://auth.ppy.sh/updates/get successfully completed!
2025-02-15 16:18:44 [verbose]: Performing request osu.Game.Online.API.Requests.ChatAckRequest
2025-02-15 16:18:47 [verbose]: Request to https://osu.ppy.sh/api/v2/chat/ack successfully completed!
2025-02-15 16:18:47 [verbose]: ChatAckRequest finished with response size of 15 bytes
2025-02-15 16:19:26 [verbose]: Request to https://auth.ppy.sh/updates/get successfully completed!
2025-02-15 16:19:47 [verbose]: Performing request osu.Game.Online.API.Requests.ChatAckRequest
2025-02-15 16:19:48 [verbose]: Request to https://osu.ppy.sh/api/v2/chat/ack successfully completed!
2025-02-15 16:19:48 [verbose]: ChatAckRequest finished with response size of 15 bytes
2025-02-15 16:20:27 [verbose]: Request to https://auth.ppy.sh/updates/get successfully completed!
2025-02-15 16:20:48 [verbose]: Performing request osu.Game.Online.API.Requests.ChatAckRequest
2025-02-15 16:20:49 [verbose]: Request to https://osu.ppy.sh/api/v2/chat/ack successfully completed!
2025-02-15 16:20:49 [verbose]: ChatAckRequest finished with response size of 15 bytes
2025-02-15 16:21:27 [verbose]: Request to https://auth.ppy.sh/updates/get successfully completed!
2025-02-15 16:21:49 [verbose]: Performing request osu.Game.Online.API.Requests.ChatAckRequest
2025-02-15 16:21:49 [verbose]: Request to https://osu.ppy.sh/api/v2/chat/ack successfully completed!
2025-02-15 16:21:49 [verbose]: ChatAckRequest finished with response size of 15 bytes
2025-02-15 16:22:28 [verbose]: Request to https://auth.ppy.sh/updates/get successfully completed!
2025-02-15 16:22:49 [verbose]: Performing request osu.Game.Online.API.Requests.ChatAckRequest
2025-02-15 16:22:49 [verbose]: Request to https://osu.ppy.sh/api/v2/chat/ack successfully completed!
2025-02-15 16:22:49 [verbose]: ChatAckRequest finished with response size of 15 bytes
2025-02-15 16:23:28 [verbose]: Request to https://auth.ppy.sh/updates/get successfully completed!
2025-02-15 16:23:50 [verbose]: Performing request osu.Game.Online.API.Requests.ChatAckRequest
2025-02-15 16:23:50 [verbose]: Request to https://osu.ppy.sh/api/v2/chat/ack successfully completed!
2025-02-15 16:23:50 [verbose]: ChatAckRequest finished with response size of 84 bytes
2025-02-15 16:24:29 [verbose]: Request to https://auth.ppy.sh/updates/get successfully completed!
2025-02-15 16:24:50 [verbose]: Performing request osu.Game.Online.API.Requests.ChatAckRequest
2025-02-15 16:24:51 [verbose]: Request to https://osu.ppy.sh/api/v2/chat/ack successfully completed!
2025-02-15 16:24:51 [verbose]: ChatAckRequest finished with response size of 49 bytes
2025-02-15 16:25:29 [verbose]: Request to https://auth.ppy.sh/updates/get successfully completed!
2025-02-15 16:25:51 [verbose]: Performing request osu.Game.Online.API.Requests.ChatAckRequest
2025-02-15 16:25:51 [verbose]: Request to https://osu.ppy.sh/api/v2/chat/ack successfully completed!
2025-02-15 16:25:51 [verbose]: ChatAckRequest finished with response size of 15 bytes
2025-02-15 16:26:30 [verbose]: Request to https://auth.ppy.sh/updates/get successfully completed!
2025-02-15 16:26:51 [verbose]: Performing request osu.Game.Online.API.Requests.ChatAckRequest
2025-02-15 16:26:52 [verbose]: Request to https://osu.ppy.sh/api/v2/chat/ack successfully completed!
2025-02-15 16:26:52 [verbose]: ChatAckRequest finished with response size of 49 bytes
2025-02-15 16:27:30 [verbose]: Request to https://auth.ppy.sh/updates/get successfully completed!
2025-02-15 16:27:52 [verbose]: Performing request osu.Game.Online.API.Requests.ChatAckRequest
2025-02-15 16:27:53 [verbose]: Request to https://osu.ppy.sh/api/v2/chat/ack successfully completed!
2025-02-15 16:27:53 [verbose]: ChatAckRequest finished with response size of 15 bytes
2025-02-15 16:28:31 [verbose]: Request to https://auth.ppy.sh/updates/get successfully completed!
2025-02-15 16:28:53 [verbose]: Performing request osu.Game.Online.API.Requests.ChatAckRequest
2025-02-15 16:28:55 [verbose]: Request to https://osu.ppy.sh/api/v2/chat/ack successfully completed!
2025-02-15 16:28:55 [verbose]: ChatAckRequest finished with response size of 49 bytes
2025-02-15 16:29:31 [verbose]: Request to https://auth.ppy.sh/updates/get successfully completed!
2025-02-15 16:29:55 [verbose]: Performing request osu.Game.Online.API.Requests.ChatAckRequest
2025-02-15 16:29:55 [verbose]: Request to https://osu.ppy.sh/api/v2/chat/ack successfully completed!
2025-02-15 16:29:55 [verbose]: ChatAckRequest finished with response size of 15 bytes
2025-02-15 16:30:32 [verbose]: Request to https://auth.ppy.sh/updates/get successfully completed!
2025-02-15 16:30:55 [verbose]: Performing request osu.Game.Online.API.Requests.ChatAckRequest
2025-02-15 16:30:56 [verbose]: Request to https://osu.ppy.sh/api/v2/chat/ack successfully completed!
2025-02-15 16:30:56 [verbose]: ChatAckRequest finished with response size of 15 bytes
2025-02-15 16:31:32 [verbose]: Request to https://auth.ppy.sh/updates/get successfully completed!
2025-02-15 16:31:56 [verbose]: Performing request osu.Game.Online.API.Requests.ChatAckRequest
2025-02-15 16:31:57 [verbose]: Request to https://osu.ppy.sh/api/v2/chat/ack successfully completed!
2025-02-15 16:31:57 [verbose]: ChatAckRequest finished with response size of 15 bytes
2025-02-15 16:32:33 [verbose]: Request to https://auth.ppy.sh/updates/get successfully completed!
2025-02-15 16:32:57 [verbose]: Performing request osu.Game.Online.API.Requests.ChatAckRequest
2025-02-15 16:32:57 [verbose]: Request to https://osu.ppy.sh/api/v2/chat/ack successfully completed!
2025-02-15 16:32:57 [verbose]: ChatAckRequest finished with response size of 49 bytes
2025-02-15 16:33:34 [verbose]: Request to https://auth.ppy.sh/updates/get successfully completed!
2025-02-15 16:33:57 [verbose]: Performing request osu.Game.Online.API.Requests.ChatAckRequest
2025-02-15 16:33:58 [verbose]: Request to https://osu.ppy.sh/api/v2/chat/ack successfully completed!
2025-02-15 16:33:58 [verbose]: ChatAckRequest finished with response size of 15 bytes
2025-02-15 16:34:25 [verbose]: Performing request osu.Game.Online.Solo.SubmitSoloScoreRequest
2025-02-15 16:34:26 [verbose]: Request to https://assets.ppy.sh/menu-content.json successfully completed!
2025-02-15 16:34:26 [verbose]: Request to https://osu.ppy.sh/api/v2/beatmaps/1810299/solo/scores/512432983 successfully completed!
2025-02-15 16:34:26 [verbose]: SubmitSoloScoreRequest finished with response size of 867 bytes
