----------------------------------------------------------
auth Log (LogLevel: Verbose)
Running osu 2025.118.3.0 on .NET 8.0.12
Environment: Linux (Unix 6.13.2.1), 8 cores 
----------------------------------------------------------
2025-02-15 15:42:03 [verbose]: Loading module...
2025-02-15 15:42:03 [verbose]: Module loaded successfully: 0
2025-02-15 15:42:03 [verbose]: Checking for any update (66C0D0F52CAC68BB08E4F23D93F1FFDDA7E83F69)...
2025-02-15 15:42:05 [verbose]: Already up to date.
2025-02-15 15:42:05 [verbose]: API state changed to Connecting
2025-02-15 15:42:11 [verbose]: API state changed to Online
2025-02-15 15:42:11 [verbose]: Checking for any update (66C0D0F52CAC68BB08E4F23D93F1FFDDA7E83F69)...
2025-02-15 15:42:12 [verbose]: Already up to date.
2025-02-15 15:43:05 [verbose]: Checking for any update (66C0D0F52CAC68BB08E4F23D93F1FFDDA7E83F69)...
2025-02-15 15:43:05 [verbose]: Already up to date.
2025-02-15 15:44:05 [verbose]: Checking for any update (66C0D0F52CAC68BB08E4F23D93F1FFDDA7E83F69)...
2025-02-15 15:44:06 [verbose]: Already up to date.
2025-02-15 15:45:06 [verbose]: Checking for any update (66C0D0F52CAC68BB08E4F23D93F1FFDDA7E83F69)...
2025-02-15 15:45:07 [verbose]: Already up to date.
2025-02-15 15:46:07 [verbose]: Checking for any update (66C0D0F52CAC68BB08E4F23D93F1FFDDA7E83F69)...
2025-02-15 15:46:07 [verbose]: Already up to date.
2025-02-15 15:47:07 [verbose]: Checking for any update (66C0D0F52CAC68BB08E4F23D93F1FFDDA7E83F69)...
2025-02-15 15:47:07 [verbose]: Already up to date.
2025-02-15 15:48:07 [verbose]: Checking for any update (66C0D0F52CAC68BB08E4F23D93F1FFDDA7E83F69)...
2025-02-15 15:48:08 [verbose]: Already up to date.
2025-02-15 15:49:08 [verbose]: Checking for any update (66C0D0F52CAC68BB08E4F23D93F1FFDDA7E83F69)...
2025-02-15 15:49:08 [verbose]: Already up to date.
2025-02-15 15:50:08 [verbose]: Checking for any update (66C0D0F52CAC68BB08E4F23D93F1FFDDA7E83F69)...
2025-02-15 15:50:09 [verbose]: Already up to date.
2025-02-15 15:51:09 [verbose]: Checking for any update (66C0D0F52CAC68BB08E4F23D93F1FFDDA7E83F69)...
2025-02-15 15:51:10 [verbose]: Already up to date.
2025-02-15 15:52:10 [verbose]: Checking for any update (66C0D0F52CAC68BB08E4F23D93F1FFDDA7E83F69)...
2025-02-15 15:52:10 [verbose]: Already up to date.
2025-02-15 15:53:10 [verbose]: Checking for any update (66C0D0F52CAC68BB08E4F23D93F1FFDDA7E83F69)...
2025-02-15 15:53:11 [verbose]: Already up to date.
2025-02-15 15:54:11 [verbose]: Checking for any update (66C0D0F52CAC68BB08E4F23D93F1FFDDA7E83F69)...
2025-02-15 15:54:12 [verbose]: Already up to date.
2025-02-15 15:55:12 [verbose]: Checking for any update (66C0D0F52CAC68BB08E4F23D93F1FFDDA7E83F69)...
2025-02-15 15:55:12 [verbose]: Already up to date.
2025-02-15 15:56:12 [verbose]: Checking for any update (66C0D0F52CAC68BB08E4F23D93F1FFDDA7E83F69)...
2025-02-15 15:56:13 [verbose]: Already up to date.
2025-02-15 15:57:13 [verbose]: Checking for any update (66C0D0F52CAC68BB08E4F23D93F1FFDDA7E83F69)...
2025-02-15 15:57:13 [verbose]: Already up to date.
2025-02-15 15:58:13 [verbose]: Checking for any update (66C0D0F52CAC68BB08E4F23D93F1FFDDA7E83F69)...
2025-02-15 15:58:14 [verbose]: Already up to date.
2025-02-15 15:59:14 [verbose]: Checking for any update (66C0D0F52CAC68BB08E4F23D93F1FFDDA7E83F69)...
2025-02-15 15:59:14 [verbose]: Already up to date.
2025-02-15 16:00:14 [verbose]: Checking for any update (66C0D0F52CAC68BB08E4F23D93F1FFDDA7E83F69)...
2025-02-15 16:00:16 [verbose]: Already up to date.
2025-02-15 16:01:16 [verbose]: Checking for any update (66C0D0F52CAC68BB08E4F23D93F1FFDDA7E83F69)...
2025-02-15 16:01:16 [verbose]: Already up to date.
2025-02-15 16:02:16 [verbose]: Checking for any update (66C0D0F52CAC68BB08E4F23D93F1FFDDA7E83F69)...
2025-02-15 16:02:17 [verbose]: Already up to date.
2025-02-15 16:03:17 [verbose]: Checking for any update (66C0D0F52CAC68BB08E4F23D93F1FFDDA7E83F69)...
2025-02-15 16:03:17 [verbose]: Already up to date.
2025-02-15 16:04:17 [verbose]: Checking for any update (66C0D0F52CAC68BB08E4F23D93F1FFDDA7E83F69)...
2025-02-15 16:04:17 [verbose]: Already up to date.
2025-02-15 16:05:17 [verbose]: Checking for any update (66C0D0F52CAC68BB08E4F23D93F1FFDDA7E83F69)...
2025-02-15 16:05:18 [verbose]: Already up to date.
2025-02-15 16:06:18 [verbose]: Checking for any update (66C0D0F52CAC68BB08E4F23D93F1FFDDA7E83F69)...
2025-02-15 16:06:19 [verbose]: Already up to date.
2025-02-15 16:07:19 [verbose]: Checking for any update (66C0D0F52CAC68BB08E4F23D93F1FFDDA7E83F69)...
2025-02-15 16:07:20 [verbose]: Already up to date.
2025-02-15 16:08:20 [verbose]: Checking for any update (66C0D0F52CAC68BB08E4F23D93F1FFDDA7E83F69)...
2025-02-15 16:08:20 [verbose]: Already up to date.
2025-02-15 16:09:20 [verbose]: Checking for any update (66C0D0F52CAC68BB08E4F23D93F1FFDDA7E83F69)...
2025-02-15 16:09:21 [verbose]: Already up to date.
2025-02-15 16:10:21 [verbose]: Checking for any update (66C0D0F52CAC68BB08E4F23D93F1FFDDA7E83F69)...
2025-02-15 16:10:22 [verbose]: Already up to date.
2025-02-15 16:11:22 [verbose]: Checking for any update (66C0D0F52CAC68BB08E4F23D93F1FFDDA7E83F69)...
2025-02-15 16:11:22 [verbose]: Already up to date.
2025-02-15 16:12:22 [verbose]: Checking for any update (66C0D0F52CAC68BB08E4F23D93F1FFDDA7E83F69)...
2025-02-15 16:12:23 [verbose]: Already up to date.
2025-02-15 16:13:23 [verbose]: Checking for any update (66C0D0F52CAC68BB08E4F23D93F1FFDDA7E83F69)...
2025-02-15 16:13:23 [verbose]: Already up to date.
2025-02-15 16:14:23 [verbose]: Checking for any update (66C0D0F52CAC68BB08E4F23D93F1FFDDA7E83F69)...
2025-02-15 16:14:24 [verbose]: Already up to date.
2025-02-15 16:15:24 [verbose]: Checking for any update (66C0D0F52CAC68BB08E4F23D93F1FFDDA7E83F69)...
2025-02-15 16:15:24 [verbose]: Already up to date.
2025-02-15 16:16:24 [verbose]: Checking for any update (66C0D0F52CAC68BB08E4F23D93F1FFDDA7E83F69)...
2025-02-15 16:16:25 [verbose]: Already up to date.
2025-02-15 16:17:25 [verbose]: Checking for any update (66C0D0F52CAC68BB08E4F23D93F1FFDDA7E83F69)...
2025-02-15 16:17:25 [verbose]: Already up to date.
2025-02-15 16:18:25 [verbose]: Checking for any update (66C0D0F52CAC68BB08E4F23D93F1FFDDA7E83F69)...
2025-02-15 16:18:26 [verbose]: Already up to date.
2025-02-15 16:19:26 [verbose]: Checking for any update (66C0D0F52CAC68BB08E4F23D93F1FFDDA7E83F69)...
2025-02-15 16:19:26 [verbose]: Already up to date.
2025-02-15 16:20:26 [verbose]: Checking for any update (66C0D0F52CAC68BB08E4F23D93F1FFDDA7E83F69)...
2025-02-15 16:20:27 [verbose]: Already up to date.
2025-02-15 16:21:27 [verbose]: Checking for any update (66C0D0F52CAC68BB08E4F23D93F1FFDDA7E83F69)...
2025-02-15 16:21:27 [verbose]: Already up to date.
2025-02-15 16:22:27 [verbose]: Checking for any update (66C0D0F52CAC68BB08E4F23D93F1FFDDA7E83F69)...
2025-02-15 16:22:28 [verbose]: Already up to date.
2025-02-15 16:23:28 [verbose]: Checking for any update (66C0D0F52CAC68BB08E4F23D93F1FFDDA7E83F69)...
2025-02-15 16:23:28 [verbose]: Already up to date.
2025-02-15 16:24:28 [verbose]: Checking for any update (66C0D0F52CAC68BB08E4F23D93F1FFDDA7E83F69)...
2025-02-15 16:24:29 [verbose]: Already up to date.
2025-02-15 16:25:29 [verbose]: Checking for any update (66C0D0F52CAC68BB08E4F23D93F1FFDDA7E83F69)...
2025-02-15 16:25:29 [verbose]: Already up to date.
2025-02-15 16:26:29 [verbose]: Checking for any update (66C0D0F52CAC68BB08E4F23D93F1FFDDA7E83F69)...
2025-02-15 16:26:30 [verbose]: Already up to date.
2025-02-15 16:27:30 [verbose]: Checking for any update (66C0D0F52CAC68BB08E4F23D93F1FFDDA7E83F69)...
2025-02-15 16:27:30 [verbose]: Already up to date.
2025-02-15 16:28:30 [verbose]: Checking for any update (66C0D0F52CAC68BB08E4F23D93F1FFDDA7E83F69)...
2025-02-15 16:28:31 [verbose]: Already up to date.
2025-02-15 16:29:31 [verbose]: Checking for any update (66C0D0F52CAC68BB08E4F23D93F1FFDDA7E83F69)...
2025-02-15 16:29:31 [verbose]: Already up to date.
2025-02-15 16:30:31 [verbose]: Checking for any update (66C0D0F52CAC68BB08E4F23D93F1FFDDA7E83F69)...
2025-02-15 16:30:32 [verbose]: Already up to date.
2025-02-15 16:31:32 [verbose]: Checking for any update (66C0D0F52CAC68BB08E4F23D93F1FFDDA7E83F69)...
2025-02-15 16:31:32 [verbose]: Already up to date.
2025-02-15 16:32:32 [verbose]: Checking for any update (66C0D0F52CAC68BB08E4F23D93F1FFDDA7E83F69)...
2025-02-15 16:32:33 [verbose]: Already up to date.
2025-02-15 16:33:33 [verbose]: Checking for any update (66C0D0F52CAC68BB08E4F23D93F1FFDDA7E83F69)...
2025-02-15 16:33:34 [verbose]: Already up to date.
2025-02-15 16:34:30 [verbose]: Unloading module...
2025-02-15 16:34:30 [verbose]: Module unloaded successfully.
