----------------------------------------------------------
input Log (LogLevel: Verbose)
Running osu 2025.118.3.0 on .NET 8.0.12
Environment: Linux (Unix 6.13.2.1), 8 cores 
----------------------------------------------------------
2025-02-15 15:42:04 [verbose]: [MIDI] Connected MIDI device: Midi Through Port-0
2025-02-15 15:42:04 [verbose]: [Tablet] Detect: Searching for tablets...
2025-02-15 15:42:04 [verbose]: [Tablet] Detect: Searching for tablet '10moon 1060N'
2025-02-15 15:42:04 [verbose]: [Tablet] Detect: Searching for tablet 'Acepen AP1060'
2025-02-15 15:42:04 [verbose]: [Tablet] Detect: Searching for tablet 'Acepen AP906'
2025-02-15 15:42:04 [verbose]: [Tablet] Detect: Searching for tablet 'Adesso Cybertablet K8'
2025-02-15 15:42:04 [verbose]: [Tablet] Detect: Searching for tablet 'Artisul A1201'
2025-02-15 15:42:04 [verbose]: [Tablet] Detect: Searching for tablet 'Artisul AP604'
2025-02-15 15:42:04 [verbose]: [Tablet] Detect: Searching for tablet 'Artisul D16 Pro'
2025-02-15 15:42:04 [verbose]: [Tablet] Detect: Searching for tablet 'Artisul M0610 Pro'
2025-02-15 15:42:04 [verbose]: [Tablet] Detect: Searching for tablet 'FlooGoo FMA100'
2025-02-15 15:42:04 [verbose]: [Tablet] Detect: Searching for tablet 'Gaomon 1060 Pro'
2025-02-15 15:42:04 [verbose]: [Tablet] Detect: Searching for tablet 'Gaomon GM116HD'
2025-02-15 15:42:04 [verbose]: [Tablet] Detect: Searching for tablet 'Gaomon GM156HD'
2025-02-15 15:42:04 [verbose]: [Tablet] Detect: Searching for tablet 'Gaomon M106K Pro'
2025-02-15 15:42:04 [verbose]: [Tablet] Detect: Searching for tablet 'Gaomon M106K'
2025-02-15 15:42:04 [verbose]: [Tablet] Detect: Searching for tablet 'Gaomon M10K Pro'
2025-02-15 15:42:04 [verbose]: [Tablet] Detect: Searching for tablet 'Gaomon M10K'
2025-02-15 15:42:04 [verbose]: [Tablet] Detect: Searching for tablet 'Gaomon M1220'
2025-02-15 15:42:04 [verbose]: [Tablet] Detect: Searching for tablet 'Gaomon M1230'
2025-02-15 15:42:04 [verbose]: [Tablet] Detect: Searching for tablet 'Gaomon M6'
2025-02-15 15:42:04 [verbose]: [Tablet] Detect: Searching for tablet 'Gaomon M8'
2025-02-15 15:42:04 [verbose]: [Tablet] Detect: Searching for tablet 'Gaomon PD1161'
2025-02-15 15:42:04 [verbose]: [Tablet] Detect: Searching for tablet 'Gaomon PD156 Pro'
2025-02-15 15:42:04 [verbose]: [Tablet] Detect: Searching for tablet 'Gaomon PD1560'
2025-02-15 15:42:04 [verbose]: [Tablet] Detect: Searching for tablet 'Gaomon PD1561'
2025-02-15 15:42:04 [verbose]: [Tablet] Detect: Searching for tablet 'Gaomon PD2200'
2025-02-15 15:42:04 [verbose]: [Tablet] Detect: Searching for tablet 'Gaomon S56K'
2025-02-15 15:42:04 [verbose]: [Tablet] Detect: Searching for tablet 'Gaomon S620'
2025-02-15 15:42:04 [verbose]: [Tablet] Detect: Searching for tablet 'Gaomon S630'
2025-02-15 15:42:04 [verbose]: [Tablet] Detect: Searching for tablet 'Gaomon S830'
2025-02-15 15:42:04 [verbose]: [Tablet] Detect: Searching for tablet 'Genius G-Pen 560'
2025-02-15 15:42:04 [verbose]: [Tablet] Detect: Searching for tablet 'Genius i405x'
2025-02-15 15:42:04 [verbose]: [Tablet] Detect: Searching for tablet 'Genius i608x'
2025-02-15 15:42:04 [verbose]: [Tablet] Detect: Searching for tablet 'Huion 1060 Plus'
2025-02-15 15:42:04 [verbose]: [Tablet] Detect: Searching for tablet 'Huion 420'
2025-02-15 15:42:04 [verbose]: [Tablet] Detect: Searching for tablet 'Huion G10T'
2025-02-15 15:42:04 [verbose]: [Tablet] Detect: Searching for tablet 'Huion G930L'
2025-02-15 15:42:04 [verbose]: [Tablet] Detect: Searching for tablet 'Huion GC610'
2025-02-15 15:42:04 [verbose]: [Tablet] Detect: Searching for tablet 'Huion GT-156HD V2'
2025-02-15 15:42:04 [verbose]: [Tablet] Detect: Searching for tablet 'Huion GT-220 V2'
2025-02-15 15:42:04 [verbose]: [Tablet] Detect: Searching for tablet 'Huion GT-221 Pro'
2025-02-15 15:42:04 [verbose]: [Tablet] Detect: Searching for tablet 'Huion GT-221'
2025-02-15 15:42:04 [verbose]: [Tablet] Detect: Searching for tablet 'Huion H1060P'
2025-02-15 15:42:04 [verbose]: [Tablet] Detect: Searching for tablet 'Huion H1161'
2025-02-15 15:42:04 [verbose]: [Tablet] Detect: Searching for tablet 'Huion H320M'
2025-02-15 15:42:04 [verbose]: [Tablet] Detect: Searching for tablet 'Huion H420'
2025-02-15 15:42:04 [verbose]: [Tablet] Detect: Searching for tablet 'Huion H420X'
2025-02-15 15:42:04 [verbose]: [Tablet] Detect: Searching for tablet 'Huion H430P'
2025-02-15 15:42:04 [verbose]: [Tablet] Detect: Searching for tablet 'Huion H580X'
2025-02-15 15:42:04 [verbose]: [Tablet] Detect: Searching for tablet 'Huion H610 Pro V2'
2025-02-15 15:42:04 [verbose]: [Tablet] Detect: Searching for tablet 'Huion H610 Pro V3'
2025-02-15 15:42:04 [verbose]: [Tablet] Detect: Searching for tablet 'Huion H610 Pro'
2025-02-15 15:42:04 [verbose]: [Tablet] Detect: Searching for tablet 'Huion H610X'
2025-02-15 15:42:04 [verbose]: [Tablet] Detect: Searching for tablet 'Huion H640P'
2025-02-15 15:42:04 [verbose]: [Tablet] Detect: Searching for tablet 'Huion H641P'
2025-02-15 15:42:04 [verbose]: [Tablet] Detect: Searching for tablet 'Huion H642'
2025-02-15 15:42:04 [verbose]: [Tablet] Detect: Searching for tablet 'Huion H690'
2025-02-15 15:42:04 [verbose]: [Tablet] Detect: Searching for tablet 'Huion H950P'
2025-02-15 15:42:04 [verbose]: [Tablet] Detect: Searching for tablet 'Huion H951P'
2025-02-15 15:42:04 [verbose]: [Tablet] Detect: Searching for tablet 'Huion HC16'
2025-02-15 15:42:04 [verbose]: [Tablet] Detect: Searching for tablet 'Huion HS610'
2025-02-15 15:42:04 [verbose]: [Tablet] Detect: Searching for tablet 'Huion HS611'
2025-02-15 15:42:04 [verbose]: [Tablet] Detect: Searching for tablet 'Huion HS64'
2025-02-15 15:42:04 [verbose]: [Tablet] Detect: Searching for tablet 'Huion HS95'
2025-02-15 15:42:04 [verbose]: [Tablet] Detect: Searching for tablet 'Huion Kamvas 12'
2025-02-15 15:42:04 [verbose]: [Tablet] Detect: Searching for tablet 'Huion Kamvas 13'
2025-02-15 15:42:04 [verbose]: [Tablet] Detect: Searching for tablet 'Huion Kamvas 16 (2021)'
2025-02-15 15:42:04 [verbose]: [Tablet] Detect: Searching for tablet 'Huion Kamvas 16'
2025-02-15 15:42:04 [verbose]: [Tablet] Detect: Searching for tablet 'Huion Kamvas 20'
2025-02-15 15:42:04 [verbose]: [Tablet] Detect: Searching for tablet 'Huion Kamvas 22 Plus'
2025-02-15 15:42:04 [verbose]: [Tablet] Detect: Searching for tablet 'Huion Kamvas 22'
2025-02-15 15:42:04 [verbose]: [Tablet] Detect: Searching for tablet 'Huion Kamvas 24 Plus'
2025-02-15 15:42:04 [verbose]: [Tablet] Detect: Searching for tablet 'Huion Kamvas Pro 12'
2025-02-15 15:42:04 [verbose]: [Tablet] Detect: Searching for tablet 'Huion Kamvas Pro 13 (2.5k)'
2025-02-15 15:42:04 [verbose]: [Tablet] Detect: Searching for tablet 'Huion Kamvas Pro 13'
2025-02-15 15:42:04 [verbose]: [Tablet] Detect: Searching for tablet 'Huion Kamvas Pro 16 (2.5k)'
2025-02-15 15:42:04 [verbose]: [Tablet] Detect: Searching for tablet 'Huion Kamvas Pro 16 (4k)'
2025-02-15 15:42:04 [verbose]: [Tablet] Detect: Searching for tablet 'Huion Kamvas Pro 16 Plus (4k)'
2025-02-15 15:42:04 [verbose]: [Tablet] Detect: Searching for tablet 'Huion Kamvas Pro 16'
2025-02-15 15:42:04 [verbose]: [Tablet] Detect: Searching for tablet 'Huion Kamvas Pro 19 (4K)'
2025-02-15 15:42:04 [verbose]: [Tablet] Detect: Searching for tablet 'Huion Kamvas Pro 20'
2025-02-15 15:42:04 [verbose]: [Tablet] Detect: Searching for tablet 'Huion Kamvas Pro 22 (2019)'
2025-02-15 15:42:04 [verbose]: [Tablet] Detect: Searching for tablet 'Huion Kamvas Pro 24 (4K)'
2025-02-15 15:42:04 [verbose]: [Tablet] Detect: Searching for tablet 'Huion Kamvas Pro 24'
2025-02-15 15:42:04 [verbose]: [Tablet] Detect: Searching for tablet 'Huion New 1060 Plus (2048)'
2025-02-15 15:42:04 [verbose]: [Tablet] Detect: Searching for tablet 'Huion New 1060 Plus'
2025-02-15 15:42:04 [verbose]: [Tablet] Detect: Searching for tablet 'Huion Q11K V2'
2025-02-15 15:42:04 [verbose]: [Tablet] Detect: Searching for tablet 'Huion Q11K'
2025-02-15 15:42:04 [verbose]: [Tablet] Detect: Searching for tablet 'Huion Q620M'
2025-02-15 15:42:04 [verbose]: [Tablet] Detect: Searching for tablet 'Huion Q630M'
2025-02-15 15:42:04 [verbose]: [Tablet] Detect: Searching for tablet 'Huion RDS-160'
2025-02-15 15:42:04 [verbose]: [Tablet] Detect: Searching for tablet 'Huion RTE-100'
2025-02-15 15:42:04 [verbose]: [Tablet] Detect: Searching for tablet 'Huion RTM-500'
2025-02-15 15:42:04 [verbose]: [Tablet] Detect: Searching for tablet 'Huion RTP-700'
2025-02-15 15:42:04 [verbose]: [Tablet] Detect: Searching for tablet 'Huion WH1409 V2 (Variant 2)'
2025-02-15 15:42:04 [verbose]: [Tablet] Detect: Searching for tablet 'Huion WH1409 V2'
2025-02-15 15:42:04 [verbose]: [Tablet] Detect: Searching for tablet 'Huion WH1409'
2025-02-15 15:42:04 [verbose]: [Tablet] Detect: Searching for tablet 'KENTING K5540'
2025-02-15 15:42:04 [verbose]: [Tablet] Detect: Searching for tablet 'LifeTec LT9570'
2025-02-15 15:42:04 [verbose]: [Tablet] Detect: Searching for tablet 'Monoprice 10594'
2025-02-15 15:42:04 [verbose]: [Tablet] Detect: Searching for tablet 'Monoprice MP1060-HA60'
2025-02-15 15:42:04 [verbose]: [Tablet] Detect: Searching for tablet 'Parblo A609'
2025-02-15 15:42:04 [verbose]: [Tablet] Detect: Searching for tablet 'Parblo A610 Pro'
2025-02-15 15:42:04 [verbose]: [Tablet] Detect: Searching for tablet 'Parblo A610'
2025-02-15 15:42:04 [verbose]: [Tablet] Detect: Searching for tablet 'Parblo A640 V2'
2025-02-15 15:42:04 [verbose]: [Tablet] Detect: Searching for tablet 'Parblo A640'
2025-02-15 15:42:04 [verbose]: [Tablet] Detect: Searching for tablet 'Parblo Intangbo M'
2025-02-15 15:42:04 [verbose]: [Tablet] Detect: Searching for tablet 'Parblo Intangbo S'
2025-02-15 15:42:04 [verbose]: [Tablet] Detect: Searching for tablet 'Parblo Ninos M'
2025-02-15 15:42:04 [verbose]: [Tablet] Detect: Searching for tablet 'Parblo Ninos N4'
2025-02-15 15:42:04 [verbose]: [Tablet] Detect: Searching for tablet 'Parblo Ninos N7'
2025-02-15 15:42:04 [verbose]: [Tablet] Detect: Searching for tablet 'Parblo Ninos N7B'
2025-02-15 15:42:04 [verbose]: [Tablet] Detect: Searching for tablet 'Parblo Ninos S'
2025-02-15 15:42:04 [verbose]: [Tablet] Detect: Searching for tablet 'RobotPen T9A'
2025-02-15 15:42:04 [verbose]: [Tablet] Detect: Searching for tablet 'Trust Flex Design Tablet'
2025-02-15 15:42:04 [verbose]: [Tablet] Detect: Searching for tablet 'Turcom TS-6580'
2025-02-15 15:42:04 [verbose]: [Tablet] Detect: Searching for tablet 'UC-Logic 1060N'
2025-02-15 15:42:04 [verbose]: [Tablet] Detect: Searching for tablet 'UC-Logic PF1209'
2025-02-15 15:42:04 [verbose]: [Tablet] Detect: Searching for tablet 'UGEE M708 V2'
2025-02-15 15:42:04 [verbose]: [Tablet] Detect: Searching for tablet 'UGEE M708'
2025-02-15 15:42:04 [verbose]: [Tablet] Detect: Searching for tablet 'UGEE M808'
2025-02-15 15:42:04 [verbose]: [Tablet] Detect: Searching for tablet 'UGEE M908'
2025-02-15 15:42:04 [verbose]: [Tablet] Detect: Searching for tablet 'UGEE S1060'
2025-02-15 15:42:04 [verbose]: [Tablet] Detect: Searching for tablet 'UGEE S640'
2025-02-15 15:42:04 [verbose]: [Tablet] Detect: Searching for tablet 'UGEE U1200'
2025-02-15 15:42:04 [verbose]: [Tablet] Detect: Searching for tablet 'UGEE U1600'
2025-02-15 15:42:04 [verbose]: [Tablet] Detect: Searching for tablet 'VEIKK A15 Pro'
2025-02-15 15:42:04 [verbose]: [Tablet] Detect: Searching for tablet 'VEIKK A15 V2'
2025-02-15 15:42:04 [verbose]: [Tablet] Detect: Searching for tablet 'VEIKK A15'
2025-02-15 15:42:04 [verbose]: [Tablet] Detect: Searching for tablet 'VEIKK A30 V2'
2025-02-15 15:42:04 [verbose]: [Tablet] Detect: Searching for tablet 'VEIKK A30'
2025-02-15 15:42:04 [verbose]: [Tablet] Detect: Searching for tablet 'VEIKK A50 (Variant 2)'
2025-02-15 15:42:04 [verbose]: [Tablet] Detect: Searching for tablet 'VEIKK A50'
2025-02-15 15:42:04 [verbose]: [Tablet] Detect: Searching for tablet 'VEIKK S640 V2'
2025-02-15 15:42:04 [verbose]: [Tablet] Detect: Searching for tablet 'VEIKK S640'
2025-02-15 15:42:04 [verbose]: [Tablet] Detect: Searching for tablet 'VEIKK VK1060'
2025-02-15 15:42:04 [verbose]: [Tablet] Detect: Searching for tablet 'VEIKK VK1060PRO'
2025-02-15 15:42:04 [verbose]: [Tablet] Detect: Searching for tablet 'VEIKK VK430 V2'
2025-02-15 15:42:04 [verbose]: [Tablet] Detect: Searching for tablet 'VEIKK VK430'
2025-02-15 15:42:04 [verbose]: [Tablet] Detect: Searching for tablet 'VEIKK VK640'
2025-02-15 15:42:04 [verbose]: [Tablet] Detect: Searching for tablet 'VEIKK Voila (VO1060)'
2025-02-15 15:42:04 [verbose]: [Tablet] Detect: Searching for tablet 'ViewSonic Woodpad PF0730'
2025-02-15 15:42:04 [verbose]: [Tablet] Detect: Searching for tablet 'ViewSonic Woodpad PF1030'
2025-02-15 15:42:04 [verbose]: [Tablet] Detect: Searching for tablet 'Wacom CTC-4110WL'
2025-02-15 15:42:04 [verbose]: [Tablet] Detect: Searching for tablet 'Wacom CTC-6110WL'
2025-02-15 15:42:04 [verbose]: [Tablet] Detect: Searching for tablet 'Wacom CTE-430'
2025-02-15 15:42:04 [verbose]: [Tablet] Detect: Searching for tablet 'Wacom CTE-440'
2025-02-15 15:42:04 [verbose]: [Tablet] Detect: Searching for tablet 'Wacom CTE-450'
2025-02-15 15:42:04 [verbose]: [Tablet] Detect: Searching for tablet 'Wacom CTE-460'
2025-02-15 15:42:04 [verbose]: [Tablet] Detect: Searching for tablet 'Wacom CTE-630'
2025-02-15 15:42:04 [verbose]: [Tablet] Detect: Searching for tablet 'Wacom CTE-640'
2025-02-15 15:42:04 [verbose]: [Tablet] Detect: Searching for tablet 'Wacom CTE-650'
2025-02-15 15:42:04 [verbose]: [Tablet] Detect: Searching for tablet 'Wacom CTE-660'
2025-02-15 15:42:04 [verbose]: [Tablet] Detect: Searching for tablet 'Wacom CTF-430'
2025-02-15 15:42:04 [verbose]: [Tablet] Detect: Searching for tablet 'Wacom CTH-300'
2025-02-15 15:42:04 [verbose]: [Tablet] Detect: Searching for tablet 'Wacom CTH-301'
2025-02-15 15:42:04 [verbose]: [Tablet] Detect: Searching for tablet 'Wacom CTH-460'
2025-02-15 15:42:04 [verbose]: [Tablet] Detect: Searching for tablet 'Wacom CTH-461'
2025-02-15 15:42:04 [verbose]: [Tablet] Detect: Searching for tablet 'Wacom CTH-470'
2025-02-15 15:42:04 [verbose]: [Tablet] Detect: Searching for tablet 'Wacom CTH-480'
2025-02-15 15:42:04 [verbose]: [Tablet] Detect: Searching for tablet 'Wacom CTH-490'
2025-02-15 15:42:04 [verbose]: [Tablet] Detect: Searching for tablet 'Wacom CTH-661'
2025-02-15 15:42:04 [verbose]: [Tablet] Detect: Searching for tablet 'Wacom CTH-670'
2025-02-15 15:42:04 [verbose]: [Tablet] Detect: Searching for tablet 'Wacom CTH-680'
2025-02-15 15:42:04 [verbose]: [Tablet] Detect: Searching for tablet 'Wacom CTH-690'
2025-02-15 15:42:04 [verbose]: [Tablet] Detect: Searching for tablet 'Wacom CTL-4100'
2025-02-15 15:42:04 [verbose]: [Tablet] Detect: Searching for tablet 'Wacom CTL-4100WL'
2025-02-15 15:42:04 [verbose]: [Tablet] Detect: Searching for tablet 'Wacom CTL-460'
2025-02-15 15:42:04 [verbose]: [Tablet] Detect: Searching for tablet 'Wacom CTL-470'
2025-02-15 15:42:04 [verbose]: [Tablet] Detect: Searching for tablet 'Wacom CTL-471'
2025-02-15 15:42:04 [verbose]: [Tablet] Detect: Searching for tablet 'Wacom CTL-472'
2025-02-15 15:42:04 [verbose]: [Tablet] Detect: Searching for tablet 'Wacom CTL-480'
2025-02-15 15:42:04 [verbose]: [Tablet] Detect: Searching for tablet 'Wacom CTL-490'
2025-02-15 15:42:04 [verbose]: [Tablet] Detect: Searching for tablet 'Wacom CTL-6100'
2025-02-15 15:42:04 [verbose]: [Tablet] Detect: Searching for tablet 'Wacom CTL-6100WL'
2025-02-15 15:42:04 [verbose]: [Tablet] Detect: Searching for tablet 'Wacom CTL-671'
2025-02-15 15:42:04 [verbose]: [Tablet] Detect: Searching for tablet 'Wacom CTL-672'
2025-02-15 15:42:04 [verbose]: [Tablet] Detect: Searching for tablet 'Wacom CTL-680'
2025-02-15 15:42:04 [verbose]: [Tablet] Detect: Searching for tablet 'Wacom CTL-690'
2025-02-15 15:42:04 [verbose]: [Tablet] Detect: Searching for tablet 'Wacom DTC-133'
2025-02-15 15:42:04 [verbose]: [Tablet] Detect: Searching for tablet 'Wacom DTH-1320'
2025-02-15 15:42:04 [verbose]: [Tablet] Detect: Searching for tablet 'Wacom Cintiq Pro 27 (DTH-271)'
2025-02-15 15:42:04 [verbose]: [Tablet] Detect: Searching for tablet 'Wacom Cintiq 13HD (DTK-1300)'
2025-02-15 15:42:04 [verbose]: [Tablet] Detect: Searching for tablet 'Wacom Cintiq 16 (DTK1660)'
2025-02-15 15:42:04 [verbose]: [Tablet] Detect: Searching for tablet 'Wacom Cintiq 22HD (DTK-2200)'
2025-02-15 15:42:04 [verbose]: [Tablet] Detect: Searching for tablet 'Wacom Cintiq 12WX (DTZ-1200W)'
2025-02-15 15:42:04 [verbose]: [Tablet] Detect: Searching for tablet 'Wacom ET-0405-U'
2025-02-15 15:42:04 [verbose]: [Tablet] Detect: Searching for tablet 'Wacom ET-0405A-U'
2025-02-15 15:42:04 [verbose]: [Tablet] Detect: Searching for tablet 'Wacom FT-0405-U'
2025-02-15 15:42:04 [verbose]: [Tablet] Detect: Searching for tablet 'Wacom GD-0405-U'
2025-02-15 15:42:04 [verbose]: [Tablet] Detect: Searching for tablet 'Wacom GD-0608-U'
2025-02-15 15:42:04 [verbose]: [Tablet] Detect: Searching for tablet 'Wacom GD-0912-U'
2025-02-15 15:42:04 [verbose]: [Tablet] Detect: Searching for tablet 'Wacom GD-1212-U'
2025-02-15 15:42:04 [verbose]: [Tablet] Detect: Searching for tablet 'Wacom GD-1218-U'
2025-02-15 15:42:04 [verbose]: [Tablet] Detect: Searching for tablet 'Wacom MTE-450'
2025-02-15 15:42:04 [verbose]: [Tablet] Detect: Searching for tablet 'Wacom PTH-450'
2025-02-15 15:42:04 [verbose]: [Tablet] Detect: Searching for tablet 'Wacom PTH-451'
2025-02-15 15:42:04 [verbose]: [Tablet] Detect: Searching for tablet 'Wacom PTH-460'
2025-02-15 15:42:04 [verbose]: [Tablet] Detect: Searching for tablet 'Wacom PTH-650'
2025-02-15 15:42:04 [verbose]: [Tablet] Detect: Searching for tablet 'Wacom PTH-651'
2025-02-15 15:42:04 [verbose]: [Tablet] Detect: Searching for tablet 'Wacom PTH-660'
2025-02-15 15:42:04 [verbose]: [Tablet] Detect: Searching for tablet 'Wacom PTH-850'
2025-02-15 15:42:04 [verbose]: [Tablet] Detect: Searching for tablet 'Wacom PTH-851'
2025-02-15 15:42:04 [verbose]: [Tablet] Detect: Searching for tablet 'Wacom PTH-860'
2025-02-15 15:42:04 [verbose]: [Tablet] Detect: Searching for tablet 'Wacom PTK-1240'
2025-02-15 15:42:04 [verbose]: [Tablet] Detect: Searching for tablet 'Wacom PTK-440'
2025-02-15 15:42:04 [verbose]: [Tablet] Detect: Searching for tablet 'Wacom PTK-450'
2025-02-15 15:42:04 [verbose]: [Tablet] Detect: Searching for tablet 'Wacom PTK-540WL'
2025-02-15 15:42:04 [verbose]: [Tablet] Detect: Searching for tablet 'Wacom PTK-640'
2025-02-15 15:42:04 [verbose]: [Tablet] Detect: Searching for tablet 'Wacom PTK-650'
2025-02-15 15:42:04 [verbose]: [Tablet] Detect: Searching for tablet 'Wacom PTK-840'
2025-02-15 15:42:04 [verbose]: [Tablet] Detect: Searching for tablet 'Wacom PTU-600U'
2025-02-15 15:42:04 [verbose]: [Tablet] Detect: Searching for tablet 'Wacom PTZ-1230'
2025-02-15 15:42:04 [verbose]: [Tablet] Detect: Searching for tablet 'Wacom PTZ-1231W'
2025-02-15 15:42:04 [verbose]: [Tablet] Detect: Searching for tablet 'Wacom PTZ-430'
2025-02-15 15:42:04 [verbose]: [Tablet] Detect: Searching for tablet 'Wacom PTZ-431W'
2025-02-15 15:42:04 [verbose]: [Tablet] Detect: Searching for tablet 'Wacom PTZ-630'
2025-02-15 15:42:04 [verbose]: [Tablet] Detect: Searching for tablet 'Wacom PTZ-631W'
2025-02-15 15:42:04 [verbose]: [Tablet] Detect: Searching for tablet 'Wacom PTZ-930'
2025-02-15 15:42:04 [verbose]: [Tablet] Detect: Searching for tablet 'Wacom XD-0405-U'
2025-02-15 15:42:04 [verbose]: [Tablet] Detect: Searching for tablet 'Wacom XD-0608-U'
2025-02-15 15:42:04 [verbose]: [Tablet] Detect: Searching for tablet 'Wacom XD-0912-U'
2025-02-15 15:42:04 [verbose]: [Tablet] Detect: Searching for tablet 'Wacom XD-1212-U'
2025-02-15 15:42:04 [verbose]: [Tablet] Detect: Searching for tablet 'Wacom XD-1218-U'
2025-02-15 15:42:04 [verbose]: [Tablet] Detect: Searching for tablet 'Waltop Slim Tablet 5.8"'
2025-02-15 15:42:04 [verbose]: [Tablet] Detect: Searching for tablet 'XenceLabs Pen Tablet Medium'
2025-02-15 15:42:04 [verbose]: [Tablet] Detect: Searching for tablet 'XenceLabs Pen Tablet Small'
2025-02-15 15:42:04 [verbose]: [Tablet] Detect: Searching for tablet 'XENX P1-640'
2025-02-15 15:42:04 [verbose]: [Tablet] Detect: Searching for tablet 'XENX P3-1060'
2025-02-15 15:42:04 [verbose]: [Tablet] Detect: Searching for tablet 'XENX X1-640'
2025-02-15 15:42:04 [verbose]: [Tablet] Detect: Searching for tablet 'XP-Pen Artist 10 (2nd Gen)'
2025-02-15 15:42:04 [verbose]: [Tablet] Detect: Searching for tablet 'XP-Pen Artist 12 (2nd Gen)'
2025-02-15 15:42:04 [verbose]: [Tablet] Detect: Searching for tablet 'XP-Pen Artist 12 Pro'
2025-02-15 15:42:04 [verbose]: [Tablet] Detect: Searching for tablet 'XP-Pen Artist 12'
2025-02-15 15:42:04 [verbose]: [Tablet] Detect: Searching for tablet 'XP-Pen Artist 13 (2nd Gen)'
2025-02-15 15:42:04 [verbose]: [Tablet] Detect: Searching for tablet 'XP-Pen Artist 13.3 Pro'
2025-02-15 15:42:04 [verbose]: [Tablet] Detect: Searching for tablet 'XP-Pen Artist 13.3'
2025-02-15 15:42:04 [verbose]: [Tablet] Detect: Searching for tablet 'XP-Pen Artist 15.6 Pro'
2025-02-15 15:42:04 [verbose]: [Tablet] Detect: Searching for tablet 'XP-Pen Artist 15.6'
2025-02-15 15:42:04 [verbose]: [Tablet] Detect: Searching for tablet 'XP-Pen Artist 16 (2nd Gen)'
2025-02-15 15:42:04 [verbose]: [Tablet] Detect: Searching for tablet 'XP-Pen Artist 16 Pro'
2025-02-15 15:42:04 [verbose]: [Tablet] Detect: Searching for tablet 'XP-Pen Artist 16'
2025-02-15 15:42:04 [verbose]: [Tablet] Detect: Searching for tablet 'XP-Pen Artist 22 (2nd Gen)'
2025-02-15 15:42:04 [verbose]: [Tablet] Detect: Searching for tablet 'XP-Pen Artist 22HD'
2025-02-15 15:42:04 [verbose]: [Tablet] Detect: Searching for tablet 'XP-Pen Artist 24 Pro'
2025-02-15 15:42:04 [verbose]: [Tablet] Detect: Searching for tablet 'XP-Pen Artist Pro 16 (Gen2)'
2025-02-15 15:42:04 [verbose]: [Tablet] Detect: Searching for tablet 'XP-Pen Artist Pro 16TP'
2025-02-15 15:42:04 [verbose]: [Tablet] Detect: Searching for tablet 'XP-Pen CT1060'
2025-02-15 15:42:04 [verbose]: [Tablet] Detect: Searching for tablet 'XP-Pen CT430'
2025-02-15 15:42:04 [verbose]: [Tablet] Detect: Searching for tablet 'XP-Pen CT640'
2025-02-15 15:42:04 [verbose]: [Tablet] Detect: Searching for tablet 'XP-Pen Deco 01 V2 (Variant 2)'
2025-02-15 15:42:04 [verbose]: [Tablet] Detect: Searching for tablet 'XP-Pen Deco 01 V2'
2025-02-15 15:42:04 [verbose]: [Tablet] Detect: Searching for tablet 'XP-Pen Deco 01'
2025-02-15 15:42:04 [verbose]: [Tablet] Detect: Searching for tablet 'XP-Pen Deco 02'
2025-02-15 15:42:04 [verbose]: [Tablet] Detect: Searching for tablet 'XP-Pen Deco 03'
2025-02-15 15:42:04 [verbose]: [Tablet] Detect: Searching for tablet 'XP-Pen Deco L'
2025-02-15 15:42:04 [verbose]: [Tablet] Detect: Searching for tablet 'XP-Pen Deco M'
2025-02-15 15:42:04 [verbose]: [Tablet] Detect: Searching for tablet 'XP-Pen Deco mini4'
2025-02-15 15:42:04 [verbose]: [Tablet] Detect: Searching for tablet 'XP-Pen Deco mini7'
2025-02-15 15:42:04 [verbose]: [Tablet] Detect: Searching for tablet 'XP-Pen Deco Pro LW Gen2'
2025-02-15 15:42:04 [verbose]: [Tablet] Detect: Searching for tablet 'XP-Pen Deco Pro Medium'
2025-02-15 15:42:04 [verbose]: [Tablet] Detect: Searching for tablet 'XP-Pen Deco Pro Small'
2025-02-15 15:42:04 [verbose]: [Tablet] Detect: Searching for tablet 'XP-Pen Deco Pro SW'
2025-02-15 15:42:04 [verbose]: [Tablet] Detect: Searching for tablet 'XP-Pen Deco Pro XLW Gen2'
2025-02-15 15:42:04 [verbose]: [Tablet] Detect: Searching for tablet 'XP-Pen Innovator 16'
2025-02-15 15:42:04 [verbose]: [Tablet] Detect: Searching for tablet 'XP-Pen Star 03 Pro'
2025-02-15 15:42:04 [verbose]: [Tablet] Detect: Searching for tablet 'XP-Pen Star 03'
2025-02-15 15:42:04 [verbose]: [Tablet] Detect: Searching for tablet 'XP-Pen Star 05 V3'
2025-02-15 15:42:04 [verbose]: [Tablet] Detect: Searching for tablet 'XP-Pen Star 06'
2025-02-15 15:42:04 [verbose]: [Tablet] Detect: Searching for tablet 'XP-Pen Star 06C'
2025-02-15 15:42:04 [verbose]: [Tablet] Detect: Searching for tablet 'XP-Pen Star G430'
2025-02-15 15:42:04 [verbose]: [Tablet] Detect: Searching for tablet 'XP-Pen Star G430S V2'
2025-02-15 15:42:04 [verbose]: [Tablet] Detect: Searching for tablet 'XP-Pen Star G430S'
2025-02-15 15:42:04 [verbose]: [Tablet] Detect: Searching for tablet 'XP-Pen Star G540 Pro'
2025-02-15 15:42:04 [verbose]: [Tablet] Detect: Searching for tablet 'XP-Pen Star G540'
2025-02-15 15:42:04 [verbose]: [Tablet] Detect: Searching for tablet 'XP-Pen Star G640 (Variant 2)'
2025-02-15 15:42:04 [verbose]: [Tablet] Detect: Searching for tablet 'XP-Pen Star G640'
2025-02-15 15:42:04 [verbose]: [Tablet] Detect: Searching for tablet 'XP-Pen Star G640S'
2025-02-15 15:42:04 [verbose]: [Tablet] Detect: Searching for tablet 'XP-Pen Star G960'
2025-02-15 15:42:04 [verbose]: [Tablet] Detect: Searching for tablet 'XP-Pen Star G960S Plus'
2025-02-15 15:42:04 [verbose]: [Tablet] Detect: Searching for tablet 'XP-Pen Star G960S'
2025-02-15 15:42:04 [verbose]: [Tablet] Detect: No tablets were detected.
